Component: ARM Compiler 5.06 update 5 (build 528) Tool: armlink [4d35e2]

==============================================================================

Section Cross References

    startup_stm32f40_41xxx.o(RESET) refers to startup_stm32f40_41xxx.o(STACK) for __initial_sp
    startup_stm32f40_41xxx.o(RESET) refers to startup_stm32f40_41xxx.o(.text) for Reset_Handler
    startup_stm32f40_41xxx.o(RESET) refers to stm32f4xx_it.o(i.NMI_Handler) for NMI_Handler
    startup_stm32f40_41xxx.o(RESET) refers to stm32f4xx_it.o(i.HardFault_Handler) for HardFault_Handler
    startup_stm32f40_41xxx.o(RESET) refers to stm32f4xx_it.o(i.MemManage_Handler) for MemManage_Handler
    startup_stm32f40_41xxx.o(RESET) refers to stm32f4xx_it.o(i.BusFault_Handler) for BusFault_Handler
    startup_stm32f40_41xxx.o(RESET) refers to stm32f4xx_it.o(i.UsageFault_Handler) for UsageFault_Handler
    startup_stm32f40_41xxx.o(RESET) refers to stm32f4xx_it.o(i.SVC_Handler) for SVC_Handler
    startup_stm32f40_41xxx.o(RESET) refers to stm32f4xx_it.o(i.DebugMon_Handler) for DebugMon_Handler
    startup_stm32f40_41xxx.o(RESET) refers to stm32f4xx_it.o(i.PendSV_Handler) for PendSV_Handler
    startup_stm32f40_41xxx.o(RESET) refers to stm32f4xx_it.o(i.SysTick_Handler) for SysTick_Handler
    startup_stm32f40_41xxx.o(RESET) refers to main.o(i.EXTI2_IRQHandler) for EXTI2_IRQHandler
    startup_stm32f40_41xxx.o(RESET) refers to main.o(i.EXTI4_IRQHandler) for EXTI4_IRQHandler
    startup_stm32f40_41xxx.o(RESET) refers to encoder.o(i.TIM2_IRQHandler) for TIM2_IRQHandler
    startup_stm32f40_41xxx.o(RESET) refers to encoder.o(i.TIM3_IRQHandler) for TIM3_IRQHandler
    startup_stm32f40_41xxx.o(RESET) refers to main.o(i.TIM4_IRQHandler) for TIM4_IRQHandler
    startup_stm32f40_41xxx.o(RESET) refers to usart.o(i.USART1_IRQHandler) for USART1_IRQHandler
    startup_stm32f40_41xxx.o(RESET) refers to usart.o(i.USART2_IRQHandler) for USART2_IRQHandler
    startup_stm32f40_41xxx.o(RESET) refers to usart.o(i.USART3_IRQHandler) for USART3_IRQHandler
    startup_stm32f40_41xxx.o(RESET) refers to main.o(i.EXTI15_10_IRQHandler) for EXTI15_10_IRQHandler
    startup_stm32f40_41xxx.o(.text) refers to system_stm32f4xx.o(i.SystemInit) for SystemInit
    startup_stm32f40_41xxx.o(.text) refers to entry.o(.ARM.Collect$$$$00000000) for __main
    beep.o(i.Beep_Init) refers to stm32f4xx_rcc.o(i.RCC_AHB1PeriphClockCmd) for RCC_AHB1PeriphClockCmd
    beep.o(i.Beep_Init) refers to stm32f4xx_gpio.o(i.GPIO_Init) for GPIO_Init
    beep.o(i.Beep_Init) refers to stm32f4xx_gpio.o(i.GPIO_ResetBits) for GPIO_ResetBits
    common_filter.o(i.Kalman_Filter) refers to common_filter.o(.data) for Q_bias
    common_filter.o(i.Kalman_Filter) refers to common_filter.o(.bss) for Pdot
    common_filter.o(i.Yijielvbo) refers to f2d.o(.text) for __aeabi_f2d
    common_filter.o(i.Yijielvbo) refers to dmul.o(.text) for __aeabi_dmul
    common_filter.o(i.Yijielvbo) refers to dadd.o(.text) for __aeabi_dadd
    common_filter.o(i.Yijielvbo) refers to d2f.o(.text) for __aeabi_d2f
    common_filter.o(i.Yijielvbo) refers to common_filter.o(.data) for angle
    control.o(i.Control_Init) refers to stm32f4xx_rcc.o(i.RCC_AHB1PeriphClockCmd) for RCC_AHB1PeriphClockCmd
    control.o(i.Control_Init) refers to stm32f4xx_gpio.o(i.GPIO_Init) for GPIO_Init
    control.o(i.Control_Reset) refers to control.o(i.load) for load
    control.o(i.Distant_Limit) refers to control.o(i.Stop) for Stop
    control.o(i.Go) refers to control.o(i.load) for load
    control.o(i.Go) refers to control.o(i.Stop) for Stop
    control.o(i.Go) refers to control.o(.data) for pathLenth
    control.o(i.Servo_Control) refers to control.o(i.load) for load
    control.o(i.Track_Control) refers to control.o(i.load) for load
    control.o(i.Track_Control) refers to control.o(.data) for motor_right
    control.o(i.load) refers to pid.o(i.MyAbs) for MyAbs
    control.o(i.straight) refers to control.o(i.load) for load
    control.o(i.straight) refers to control.o(i.Stop) for Stop
    control.o(i.straight) refers to control.o(.data) for pathLenth
    delay.o(i.delay_init) refers to misc.o(i.SysTick_CLKSourceConfig) for SysTick_CLKSourceConfig
    delay.o(i.delay_init) refers to delay.o(.data) for fac_us
    delay.o(i.delay_ms) refers to delay.o(i.delay_xms) for delay_xms
    delay.o(i.delay_us) refers to delay.o(.data) for fac_us
    delay.o(i.delay_xms) refers to delay.o(.data) for fac_ms
    encoder.o(i.TIM2_Encoder_Init) refers to stm32f4xx_rcc.o(i.RCC_AHB1PeriphClockCmd) for RCC_AHB1PeriphClockCmd
    encoder.o(i.TIM2_Encoder_Init) refers to stm32f4xx_rcc.o(i.RCC_APB1PeriphClockCmd) for RCC_APB1PeriphClockCmd
    encoder.o(i.TIM2_Encoder_Init) refers to stm32f4xx_gpio.o(i.GPIO_Init) for GPIO_Init
    encoder.o(i.TIM2_Encoder_Init) refers to stm32f4xx_gpio.o(i.GPIO_PinAFConfig) for GPIO_PinAFConfig
    encoder.o(i.TIM2_Encoder_Init) refers to stm32f4xx_tim.o(i.TIM_TimeBaseStructInit) for TIM_TimeBaseStructInit
[...]
    ../clib/microlib/longlong.c              0x00000000   Number         0  llsshr.o ABSOLUTE
    ../clib/microlib/longlong.c              0x00000000   Number         0  llushr.o ABSOLUTE
    ../clib/microlib/longlong.c              0x00000000   Number         0  llshl.o ABSOLUTE
    ../clib/microlib/printf/printf.c         0x00000000   Number         0  printf3.o ABSOLUTE
    ../clib/microlib/printf/printf.c         0x00000000   Number         0  printf5.o ABSOLUTE
    ../clib/microlib/printf/printf.c         0x00000000   Number         0  printf4.o ABSOLUTE
    ../clib/microlib/printf/printf.c         0x00000000   Number         0  printf2.o ABSOLUTE
    ../clib/microlib/printf/printf.c         0x00000000   Number         0  printf1.o ABSOLUTE
    ../clib/microlib/printf/printf.c         0x00000000   Number         0  printf0.o ABSOLUTE
    ../clib/microlib/printf/printf.c         0x00000000   Number         0  printfb.o ABSOLUTE
    ../clib/microlib/printf/printf.c         0x00000000   Number         0  printf6.o ABSOLUTE
    ../clib/microlib/printf/printf.c         0x00000000   Number         0  printfa.o ABSOLUTE
    ../clib/microlib/printf/printf.c         0x00000000   Number         0  printf8.o ABSOLUTE
    ../clib/microlib/printf/printf.c         0x00000000   Number         0  printf7.o ABSOLUTE
    ../clib/microlib/printf/stubs.s          0x00000000   Number         0  stubs.o ABSOLUTE
    ../clib/microlib/stdio/streams.c         0x00000000   Number         0  stdout.o ABSOLUTE
    ../clib/microlib/string/memcmp.c         0x00000000   Number         0  memcmp.o ABSOLUTE
    ../clib/microlib/string/memset.c         0x00000000   Number         0  memseta.o ABSOLUTE
    ../clib/microlib/stubs.s                 0x00000000   Number         0  iusefp.o ABSOLUTE
    ../fplib/microlib/d2f.c                  0x00000000   Number         0  d2f.o ABSOLUTE
    ../fplib/microlib/f2d.c                  0x00000000   Number         0  f2d.o ABSOLUTE
    ../fplib/microlib/fpadd.c                0x00000000   Number         0  dadd.o ABSOLUTE
    ../fplib/microlib/fpdiv.c                0x00000000   Number         0  ddiv.o ABSOLUTE
    ../fplib/microlib/fpepilogue.c           0x00000000   Number         0  depilogue.o ABSOLUTE
    ../fplib/microlib/fpepilogue.c           0x00000000   Number         0  fepilogue.o ABSOLUTE
    ../fplib/microlib/fpfix.c                0x00000000   Number         0  dfixi.o ABSOLUTE
    ../fplib/microlib/fpfix.c                0x00000000   Number         0  dfixul.o ABSOLUTE
    ../fplib/microlib/fpflt.c                0x00000000   Number         0  dflti.o ABSOLUTE
    ../fplib/microlib/fpmul.c                0x00000000   Number         0  dmul.o ABSOLUTE
    ../fplib/microlib/fpneg.c                0x00000000   Number         0  dneg.o ABSOLUTE
    ../fplib/microlib/fpsqrt.c               0x00000000   Number         0  dsqrt.o ABSOLUTE
    ../mathlib/asin.c                        0x00000000   Number         0  asin.o ABSOLUTE
    ../mathlib/asin.c                        0x00000000   Number         0  asin_x.o ABSOLUTE
    ../mathlib/atan.c                        0x00000000   Number         0  atan.o ABSOLUTE
    ../mathlib/atan.c                        0x00000000   Number         0  atan_x.o ABSOLUTE
    ../mathlib/atan2.c                       0x00000000   Number         0  atan2.o ABSOLUTE
    ../mathlib/atan2.c                       0x00000000   Number         0  atan2_x.o ABSOLUTE
    ../mathlib/dunder.c                      0x00000000   Number         0  dunder.o ABSOLUTE
    ../mathlib/fabs.c                        0x00000000   Number         0  fabs.o ABSOLUTE
    ../mathlib/fpclassify.c                  0x00000000   Number         0  fpclassify.o ABSOLUTE
    ../mathlib/poly.c                        0x00000000   Number         0  poly.o ABSOLUTE
    ../mathlib/qnan.c                        0x00000000   Number         0  qnan.o ABSOLUTE
    ../mathlib/sqrt.c                        0x00000000   Number         0  sqrt.o ABSOLUTE
    ../mathlib/sqrt.c                        0x00000000   Number         0  sqrt_x.o ABSOLUTE
    ..\CODE\startup_stm32f40_41xxx.s         0x00000000   Number         0  startup_stm32f40_41xxx.o ABSOLUTE
    ..\FWLIB\src\misc.c                      0x00000000   Number         0  misc.o ABSOLUTE
    ..\FWLIB\src\stm32f4xx_adc.c             0x00000000   Number         0  stm32f4xx_adc.o ABSOLUTE
    ..\FWLIB\src\stm32f4xx_can.c             0x00000000   Number         0  stm32f4xx_can.o ABSOLUTE
    ..\FWLIB\src\stm32f4xx_cec.c             0x00000000   Number         0  stm32f4xx_cec.o ABSOLUTE
    ..\FWLIB\src\stm32f4xx_crc.c             0x00000000   Number         0  stm32f4xx_crc.o ABSOLUTE
    ..\FWLIB\src\stm32f4xx_cryp.c            0x00000000   Number         0  stm32f4xx_cryp.o ABSOLUTE
    ..\FWLIB\src\stm32f4xx_cryp_aes.c        0x00000000   Number         0  stm32f4xx_cryp_aes.o ABSOLUTE
    ..\FWLIB\src\stm32f4xx_cryp_des.c        0x00000000   Number         0  stm32f4xx_cryp_des.o ABSOLUTE
    ..\FWLIB\src\stm32f4xx_cryp_tdes.c       0x00000000   Number         0  stm32f4xx_cryp_tdes.o ABSOLUTE
    ..\FWLIB\src\stm32f4xx_dac.c             0x00000000   Number         0  stm32f4xx_dac.o ABSOLUTE
    ..\FWLIB\src\stm32f4xx_dbgmcu.c          0x00000000   Number         0  stm32f4xx_dbgmcu.o ABSOLUTE
    ..\FWLIB\src\stm32f4xx_dcmi.c            0x00000000   Number         0  stm32f4xx_dcmi.o ABSOLUTE
    ..\FWLIB\src\stm32f4xx_dfsdm.c           0x00000000   Number         0  stm32f4xx_dfsdm.o ABSOLUTE
    ..\FWLIB\src\stm32f4xx_dma.c             0x00000000   Number         0  stm32f4xx_dma.o ABSOLUTE
    ..\FWLIB\src\stm32f4xx_dma2d.c           0x00000000   Number         0  stm32f4xx_dma2d.o ABSOLUTE
    ..\FWLIB\src\stm32f4xx_dsi.c             0x00000000   Number         0  stm32f4xx_dsi.o ABSOLUTE
    ..\FWLIB\src\stm32f4xx_exti.c            0x00000000   Number         0  stm32f4xx_exti.o ABSOLUTE
    ..\FWLIB\src\stm32f4xx_flash.c           0x00000000   Number         0  stm32f4xx_flash.o ABSOLUTE
    ..\FWLIB\src\stm32f4xx_flash_ramfunc.c   0x00000000   Number         0  stm32f4xx_flash_ramfunc.o ABSOLUTE
    ..\FWLIB\src\stm32f4xx_fmpi2c.c          0x00000000   Number         0  stm32f4xx_fmpi2c.o ABSOLUTE
    ..\FWLIB\src\stm32f4xx_fsmc.c            0x00000000   Number         0  stm32f4xx_fsmc.o ABSOLUTE
    ..\FWLIB\src\stm32f4xx_gpio.c            0x00000000   Number         0  stm32f4xx_gpio.o ABSOLUTE
    ..\FWLIB\src\stm32f4xx_hash.c            0x00000000   Number         0  stm32f4xx_hash.o ABSOLUTE
    ..\FWLIB\src\stm32f4xx_hash_md5.c        0x00000000   Number         0  stm32f4xx_hash_md5.o ABSOLUTE
    ..\FWLIB\src\stm32f4xx_hash_sha1.c       0x00000000   Number         0  stm32f4xx_hash_sha1.o ABSOLUTE
    ..\FWLIB\src\stm32f4xx_i2c.c             0x00000000   Number         0  stm32f4xx_i2c.o ABSOLUTE
    ..\FWLIB\src\stm32f4xx_iwdg.c            0x00000000   Number         0  stm32f4xx_iwdg.o ABSOLUTE
    ..\FWLIB\src\stm32f4xx_lptim.c           0x00000000   Number         0  stm32f4xx_lptim.o ABSOLUTE
    ..\FWLIB\src\stm32f4xx_ltdc.c            0x00000000   Number         0  stm32f4xx_ltdc.o ABSOLUTE
    ..\FWLIB\src\stm32f4xx_pwr.c             0x00000000   Number         0  stm32f4xx_pwr.o ABSOLUTE
    ..\FWLIB\src\stm32f4xx_qspi.c            0x00000000   Number         0  stm32f4xx_qspi.o ABSOLUTE
    ..\FWLIB\src\stm32f4xx_rcc.c             0x00000000   Number         0  stm32f4xx_rcc.o ABSOLUTE
    ..\FWLIB\src\stm32f4xx_rng.c             0x00000000   Number         0  stm32f4xx_rng.o ABSOLUTE
    ..\FWLIB\src\stm32f4xx_rtc.c             0x00000000   Number         0  stm32f4xx_rtc.o ABSOLUTE
    ..\FWLIB\src\stm32f4xx_sai.c             0x00000000   Number         0  stm32f4xx_sai.o ABSOLUTE
    ..\FWLIB\src\stm32f4xx_sdio.c            0x00000000   Number         0  stm32f4xx_sdio.o ABSOLUTE
    ..\FWLIB\src\stm32f4xx_spdifrx.c         0x00000000   Number         0  stm32f4xx_spdifrx.o ABSOLUTE
    ..\FWLIB\src\stm32f4xx_spi.c             0x00000000   Number         0  stm32f4xx_spi.o ABSOLUTE
    ..\FWLIB\src\stm32f4xx_syscfg.c          0x00000000   Number         0  stm32f4xx_syscfg.o ABSOLUTE
    ..\FWLIB\src\stm32f4xx_tim.c             0x00000000   Number         0  stm32f4xx_tim.o ABSOLUTE
    ..\FWLIB\src\stm32f4xx_usart.c           0x00000000   Number         0  stm32f4xx_usart.o ABSOLUTE
    ..\FWLIB\src\stm32f4xx_wwdg.c            0x00000000   Number         0  stm32f4xx_wwdg.o ABSOLUTE
    ..\SYSTEM\Source\ADC.c                   0x00000000   Number         0  adc.o ABSOLUTE
    ..\SYSTEM\Source\Common_filter.c         0x00000000   Number         0  common_filter.o ABSOLUTE
    ..\SYSTEM\Source\Encoder.c               0x00000000   Number         0  encoder.o ABSOLUTE
    ..\SYSTEM\Source\IC.c                    0x00000000   Number         0  ic.o ABSOLUTE
    ..\SYSTEM\Source\LCD.c                   0x00000000   Number         0  lcd.o ABSOLUTE
    ..\SYSTEM\Source\MPU6050.c               0x00000000   Number         0  mpu6050.o ABSOLUTE
    ..\SYSTEM\Source\MYIIC.c                 0x00000000   Number         0  myiic.o ABSOLUTE
    ..\SYSTEM\Source\PID.c                   0x00000000   Number         0  pid.o ABSOLUTE
    ..\SYSTEM\Source\PWM.c                   0x00000000   Number         0  pwm.o ABSOLUTE
    ..\SYSTEM\Source\TIM_EXTI.c              0x00000000   Number         0  tim_exti.o ABSOLUTE
    ..\SYSTEM\Source\Watchdog.c              0x00000000   Number         0  watchdog.o ABSOLUTE
    ..\SYSTEM\Source\beep.c                  0x00000000   Number         0  beep.o ABSOLUTE
    ..\SYSTEM\Source\control.c               0x00000000   Number         0  control.o ABSOLUTE
    ..\SYSTEM\Source\delay.c                 0x00000000   Number         0  delay.o ABSOLUTE
    ..\SYSTEM\Source\exti.c                  0x00000000   Number         0  exti.o ABSOLUTE
    ..\SYSTEM\Source\inv_mpu.c               0x00000000   Number         0  inv_mpu.o ABSOLUTE
    ..\SYSTEM\Source\inv_mpu_dmp_motion_driver.c 0x00000000   Number         0  inv_mpu_dmp_motion_driver.o ABSOLUTE
    ..\SYSTEM\Source\key.c                   0x00000000   Number         0  key.o ABSOLUTE
    ..\SYSTEM\Source\lcd_fonts.c             0x00000000   Number         0  lcd_fonts.o ABSOLUTE
    ..\SYSTEM\Source\lcd_image.c             0x00000000   Number         0  lcd_image.o ABSOLUTE
    ..\SYSTEM\Source\lcd_spi_169.c           0x00000000   Number         0  lcd_spi_169.o ABSOLUTE
    ..\SYSTEM\Source\led.c                   0x00000000   Number         0  led.o ABSOLUTE
    ..\SYSTEM\Source\lightsensor.c           0x00000000   Number         0  lightsensor.o ABSOLUTE
    ..\SYSTEM\Source\sys.c                   0x00000000   Number         0  sys.o ABSOLUTE
    ..\SYSTEM\Source\ultrasonic.c            0x00000000   Number         0  ultrasonic.o ABSOLUTE
    ..\SYSTEM\Source\usart.c                 0x00000000   Number         0  usart.o ABSOLUTE
    ..\\FWLIB\\src\\misc.c                   0x00000000   Number         0  misc.o ABSOLUTE
    ..\\FWLIB\\src\\stm32f4xx_adc.c          0x00000000   Number         0  stm32f4xx_adc.o ABSOLUTE
    ..\\FWLIB\\src\\stm32f4xx_can.c          0x00000000   Number         0  stm32f4xx_can.o ABSOLUTE
    ..\\FWLIB\\src\\stm32f4xx_cec.c          0x00000000   Number         0  stm32f4xx_cec.o ABSOLUTE
    ..\\FWLIB\\src\\stm32f4xx_crc.c          0x00000000   Number         0  stm32f4xx_crc.o ABSOLUTE
    ..\\FWLIB\\src\\stm32f4xx_cryp.c         0x00000000   Number         0  stm32f4xx_cryp.o ABSOLUTE
    ..\\FWLIB\\src\\stm32f4xx_cryp_aes.c     0x00000000   Number         0  stm32f4xx_cryp_aes.o ABSOLUTE
    ..\\FWLIB\\src\\stm32f4xx_cryp_des.c     0x00000000   Number         0  stm32f4xx_cryp_des.o ABSOLUTE
    ..\\FWLIB\\src\\stm32f4xx_cryp_tdes.c    0x00000000   Number         0  stm32f4xx_cryp_tdes.o ABSOLUTE
    ..\\FWLIB\\src\\stm32f4xx_dac.c          0x00000000   Number         0  stm32f4xx_dac.o ABSOLUTE
    ..\\FWLIB\\src\\stm32f4xx_dbgmcu.c       0x00000000   Number         0  stm32f4xx_dbgmcu.o ABSOLUTE
    ..\\FWLIB\\src\\stm32f4xx_dcmi.c         0x00000000   Number         0  stm32f4xx_dcmi.o ABSOLUTE
    ..\\FWLIB\\src\\stm32f4xx_dfsdm.c        0x00000000   Number         0  stm32f4xx_dfsdm.o ABSOLUTE
    ..\\FWLIB\\src\\stm32f4xx_dma.c          0x00000000   Number         0  stm32f4xx_dma.o ABSOLUTE
    ..\\FWLIB\\src\\stm32f4xx_dma2d.c        0x00000000   Number         0  stm32f4xx_dma2d.o ABSOLUTE
    ..\\FWLIB\\src\\stm32f4xx_dsi.c          0x00000000   Number         0  stm32f4xx_dsi.o ABSOLUTE
    ..\\FWLIB\\src\\stm32f4xx_exti.c         0x00000000   Number         0  stm32f4xx_exti.o ABSOLUTE
    ..\\FWLIB\\src\\stm32f4xx_flash.c        0x00000000   Number         0  stm32f4xx_flash.o ABSOLUTE
    ..\\FWLIB\\src\\stm32f4xx_flash_ramfunc.c 0x00000000   Number         0  stm32f4xx_flash_ramfunc.o ABSOLUTE
    ..\\FWLIB\\src\\stm32f4xx_fmpi2c.c       0x00000000   Number         0  stm32f4xx_fmpi2c.o ABSOLUTE
    ..\\FWLIB\\src\\stm32f4xx_fsmc.c         0x00000000   Number         0  stm32f4xx_fsmc.o ABSOLUTE
    ..\\FWLIB\\src\\stm32f4xx_gpio.c         0x00000000   Number         0  stm32f4xx_gpio.o ABSOLUTE
    ..\\FWLIB\\src\\stm32f4xx_hash.c         0x00000000   Number         0  stm32f4xx_hash.o ABSOLUTE
    ..\\FWLIB\\src\\stm32f4xx_hash_md5.c     0x00000000   Number         0  stm32f4xx_hash_md5.o ABSOLUTE
    ..\\FWLIB\\src\\stm32f4xx_hash_sha1.c    0x00000000   Number         0  stm32f4xx_hash_sha1.o ABSOLUTE
    ..\\FWLIB\\src\\stm32f4xx_i2c.c          0x00000000   Number         0  stm32f4xx_i2c.o ABSOLUTE
    ..\\FWLIB\\src\\stm32f4xx_iwdg.c         0x00000000   Number         0  stm32f4xx_iwdg.o ABSOLUTE
    ..\\FWLIB\\src\\stm32f4xx_lptim.c        0x00000000   Number         0  stm32f4xx_lptim.o ABSOLUTE
    ..\\FWLIB\\src\\stm32f4xx_ltdc.c         0x00000000   Number         0  stm32f4xx_ltdc.o ABSOLUTE
    ..\\FWLIB\\src\\stm32f4xx_pwr.c          0x00000000   Number         0  stm32f4xx_pwr.o ABSOLUTE
    ..\\FWLIB\\src\\stm32f4xx_qspi.c         0x00000000   Number         0  stm32f4xx_qspi.o ABSOLUTE
    ..\\FWLIB\\src\\stm32f4xx_rcc.c          0x00000000   Number         0  stm32f4xx_rcc.o ABSOLUTE
    ..\\FWLIB\\src\\stm32f4xx_rng.c          0x00000000   Number         0  stm32f4xx_rng.o ABSOLUTE
    ..\\FWLIB\\src\\stm32f4xx_rtc.c          0x00000000   Number         0  stm32f4xx_rtc.o ABSOLUTE
    ..\\FWLIB\\src\\stm32f4xx_sai.c          0x00000000   Number         0  stm32f4xx_sai.o ABSOLUTE
    ..\\FWLIB\\src\\stm32f4xx_sdio.c         0x00000000   Number         0  stm32f4xx_sdio.o ABSOLUTE
    ..\\FWLIB\\src\\stm32f4xx_spdifrx.c      0x00000000   Number         0  stm32f4xx_spdifrx.o ABSOLUTE
    ..\\FWLIB\\src\\stm32f4xx_spi.c          0x00000000   Number         0  stm32f4xx_spi.o ABSOLUTE
    ..\\FWLIB\\src\\stm32f4xx_syscfg.c       0x00000000   Number         0  stm32f4xx_syscfg.o ABSOLUTE
    ..\\FWLIB\\src\\stm32f4xx_tim.c          0x00000000   Number         0  stm32f4xx_tim.o ABSOLUTE
    ..\\FWLIB\\src\\stm32f4xx_usart.c        0x00000000   Number         0  stm32f4xx_usart.o ABSOLUTE
    ..\\FWLIB\\src\\stm32f4xx_wwdg.c         0x00000000   Number         0  stm32f4xx_wwdg.o ABSOLUTE
    ..\\SYSTEM\\Source\\Common_filter.c      0x00000000   Number         0  common_filter.o ABSOLUTE
    ..\\SYSTEM\\Source\\Encoder.c            0x00000000   Number         0  encoder.o ABSOLUTE
    ..\\SYSTEM\\Source\\MPU6050.c            0x00000000   Number         0  mpu6050.o ABSOLUTE
    ..\\SYSTEM\\Source\\MYIIC.c              0x00000000   Number         0  myiic.o ABSOLUTE
    ..\\SYSTEM\\Source\\PID.c                0x00000000   Number         0  pid.o ABSOLUTE
    ..\\SYSTEM\\Source\\PWM.c                0x00000000   Number         0  pwm.o ABSOLUTE
    ..\\SYSTEM\\Source\\TIM_EXTI.c           0x00000000   Number         0  tim_exti.o ABSOLUTE
    ..\\SYSTEM\\Source\\beep.c               0x00000000   Number         0  beep.o ABSOLUTE
    ..\\SYSTEM\\Source\\control.c            0x00000000   Number         0  control.o ABSOLUTE
    ..\\SYSTEM\\Source\\delay.c              0x00000000   Number         0  delay.o ABSOLUTE
    ..\\SYSTEM\\Source\\exti.c               0x00000000   Number         0  exti.o ABSOLUTE
    ..\\SYSTEM\\Source\\inv_mpu.c            0x00000000   Number         0  inv_mpu.o ABSOLUTE
    ..\\SYSTEM\\Source\\inv_mpu_dmp_motion_driver.c 0x00000000   Number         0  inv_mpu_dmp_motion_driver.o ABSOLUTE
    ..\\SYSTEM\\Source\\key.c                0x00000000   Number         0  key.o ABSOLUTE
    ..\\SYSTEM\\Source\\lcd_spi_169.c        0x00000000   Number         0  lcd_spi_169.o ABSOLUTE
    ..\\SYSTEM\\Source\\led.c                0x00000000   Number         0  led.o ABSOLUTE
    ..\\SYSTEM\\Source\\lightsensor.c        0x00000000   Number         0  lightsensor.o ABSOLUTE
    ..\\SYSTEM\\Source\\sys.c                0x00000000   Number         0  sys.o ABSOLUTE
    ..\\SYSTEM\\Source\\usart.c              0x00000000   Number         0  usart.o ABSOLUTE
    cdcmple.s                                0x00000000   Number         0  cdcmple.o ABSOLUTE
    cdrcmple.s                               0x00000000   Number         0  cdrcmple.o ABSOLUTE
    dc.s                                     0x00000000   Number         0  dc.o ABSOLUTE
    handlers.s                               0x00000000   Number         0  handlers.o ABSOLUTE
    init.s                                   0x00000000   Number         0  init.o ABSOLUTE
    main.c                                   0x00000000   Number         0  main.o ABSOLUTE
    main.c                                   0x00000000   Number         0  main.o ABSOLUTE
    stm32f4xx_it.c                           0x00000000   Number         0  stm32f4xx_it.o ABSOLUTE
    stm32f4xx_it.c                           0x00000000   Number         0  stm32f4xx_it.o ABSOLUTE
    system_stm32f4xx.c                       0x00000000   Number         0  system_stm32f4xx.o ABSOLUTE
    system_stm32f4xx.c                       0x00000000   Number         0  system_stm32f4xx.o ABSOLUTE
    RESET                                    0x08000000   Section      392  startup_stm32f40_41xxx.o(RESET)
    .ARM.Collect$$$$00000000                 0x08000188   Section        0  entry.o(.ARM.Collect$$$$00000000)
    .ARM.Collect$$$$00000001                 0x08000188   Section        4  entry2.o(.ARM.Collect$$$$00000001)
    .ARM.Collect$$$$00000004                 0x0800018c   Section        4  entry5.o(.ARM.Collect$$$$00000004)
    .ARM.Collect$$$$00000008                 0x08000190   Section        0  entry7b.o(.ARM.Collect$$$$00000008)
    .ARM.Collect$$$$0000000A                 0x08000190   Section        0  entry8b.o(.ARM.Collect$$$$0000000A)
    .ARM.Collect$$$$0000000B                 0x08000190   Section        8  entry9a.o(.ARM.Collect$$$$0000000B)
    .ARM.Collect$$$$0000000D                 0x08000198   Section        0  entry10a.o(.ARM.Collect$$$$0000000D)
    .ARM.Collect$$$$0000000F                 0x08000198   Section        0  entry11a.o(.ARM.Collect$$$$0000000F)
    .ARM.Collect$$$$00002712                 0x08000198   Section        4  entry2.o(.ARM.Collect$$$$00002712)
    __lit__00000000                          0x08000198   Data           4  entry2.o(.ARM.Collect$$$$00002712)
    .text                                    0x0800019c   Section       36  startup_stm32f40_41xxx.o(.text)
    $v0                                      0x0800019c   Number         0  startup_stm32f40_41xxx.o(.text)
    .text                                    0x080001c0   Section        0  dadd.o(.text)
    .text                                    0x0800030e   Section        0  dmul.o(.text)
    .text                                    0x080003f2   Section        0  ddiv.o(.text)
    .text                                    0x080004d0   Section        0  f2d.o(.text)
    .text                                    0x080004f6   Section        0  uidiv.o(.text)
    .text                                    0x08000522   Section        0  uldiv.o(.text)
    .text                                    0x08000584   Section        0  llshl.o(.text)
    .text                                    0x080005a2   Section        0  llushr.o(.text)
    .text                                    0x080005c2   Section        0  llsshr.o(.text)
    .text                                    0x080005e6   Section        0  iusefp.o(.text)
    .text                                    0x080005e6   Section        0  depilogue.o(.text)
    .text                                    0x080006a0   Section        0  dfixul.o(.text)
    .text                                    0x080006d0   Section       48  cdrcmple.o(.text)
    .text                                    0x08000700   Section       36  init.o(.text)
    .text                                    0x08000724   Section        0  __dczerorl2.o(.text)
    i.BusFault_Handler                       0x0800077a   Section        0  stm32f4xx_it.o(i.BusFault_Handler)
    i.Config_Init                            0x08000780   Section        0  main.o(i.Config_Init)
    i.DebugMon_Handler                       0x080007d8   Section        0  stm32f4xx_it.o(i.DebugMon_Handler)
    i.EXTI15_10_IRQHandler                   0x080007dc   Section        0  main.o(i.EXTI15_10_IRQHandler)
    i.EXTI2_IRQHandler                       0x0800080c   Section        0  main.o(i.EXTI2_IRQHandler)
    i.EXTI4_IRQHandler                       0x08000838   Section        0  main.o(i.EXTI4_IRQHandler)
    i.EXTI_ClearITPendingBit                 0x08000870   Section        0  stm32f4xx_exti.o(i.EXTI_ClearITPendingBit)
    i.EXTI_GetITStatus                       0x0800087c   Section        0  stm32f4xx_exti.o(i.EXTI_GetITStatus)
    i.EXTI_Init                              0x08000894   Section        0  stm32f4xx_exti.o(i.EXTI_Init)
    i.GPIO_Init                              0x08000928   Section        0  stm32f4xx_gpio.o(i.GPIO_Init)
    i.GPIO_PinAFConfig                       0x080009b8   Section        0  stm32f4xx_gpio.o(i.GPIO_PinAFConfig)
    i.GPIO_ReadInputDataBit                  0x080009fe   Section        0  stm32f4xx_gpio.o(i.GPIO_ReadInputDataBit)
    i.GPIO_ResetBits                         0x08000a10   Section        0  stm32f4xx_gpio.o(i.GPIO_ResetBits)
    i.GPIO_SetBits                           0x08000a14   Section        0  stm32f4xx_gpio.o(i.GPIO_SetBits)
    i.HardFault_Handler                      0x08000a18   Section        0  stm32f4xx_it.o(i.HardFault_Handler)
    i.Key_Init                               0x08000a1c   Section        0  key.o(i.Key_Init)
    i.LCD_Clear                              0x08000b10   Section        0  lcd_spi_169.o(i.LCD_Clear)
    i.LCD_Delay                              0x08000bd0   Section        0  lcd_spi_169.o(i.LCD_Delay)
    i.LCD_DisplayChar                        0x08000bfc   Section        0  lcd_spi_169.o(i.LCD_DisplayChar)
    i.LCD_DisplayDecimals                    0x08000ce0   Section        0  lcd_spi_169.o(i.LCD_DisplayDecimals)
    i.LCD_DisplayNumber                      0x08000d48   Section        0  lcd_spi_169.o(i.LCD_DisplayNumber)
    i.LCD_DisplayString                      0x08000d94   Section        0  lcd_spi_169.o(i.LCD_DisplayString)
    i.LCD_GPIO_Config                        0x08000dcc   Section        0  lcd_spi_169.o(i.LCD_GPIO_Config)
    i.LCD_SPI_Config                         0x08000e7c   Section        0  lcd_spi_169.o(i.LCD_SPI_Config)
    i.LCD_SetAddress                         0x08000ed8   Section        0  lcd_spi_169.o(i.LCD_SetAddress)
    i.LCD_SetAsciiFont                       0x08000f58   Section        0  lcd_spi_169.o(i.LCD_SetAsciiFont)
    i.LCD_SetBackColor                       0x08000f64   Section        0  lcd_spi_169.o(i.LCD_SetBackColor)
    i.LCD_SetColor                           0x08000f8c   Section        0  lcd_spi_169.o(i.LCD_SetColor)
    i.LCD_SetDirection                       0x08000fb4   Section        0  lcd_spi_169.o(i.LCD_SetDirection)
    i.LCD_ShowNumMode                        0x08001080   Section        0  lcd_spi_169.o(i.LCD_ShowNumMode)
    i.LCD_WriteBuff                          0x0800108c   Section        0  lcd_spi_169.o(i.LCD_WriteBuff)
    i.LCD_WriteCommand                       0x08001128   Section        0  lcd_spi_169.o(i.LCD_WriteCommand)
    i.LCD_WriteData_16bit                    0x0800117c   Section        0  lcd_spi_169.o(i.LCD_WriteData_16bit)
    i.LCD_WriteData_8bit                     0x080011ac   Section        0  lcd_spi_169.o(i.LCD_WriteData_8bit)
    i.LED_Init                               0x080011c8   Section        0  led.o(i.LED_Init)
    i.MemManage_Handler                      0x08001208   Section        0  stm32f4xx_it.o(i.MemManage_Handler)
    i.MyAbs                                  0x0800120c   Section        0  pid.o(i.MyAbs)
    i.NMI_Handler                            0x0800121c   Section        0  stm32f4xx_it.o(i.NMI_Handler)
    i.NVIC_Init                              0x08001220   Section        0  misc.o(i.NVIC_Init)
    i.PWM_OUT_LIMIT                          0x08001298   Section        0  pid.o(i.PWM_OUT_LIMIT)
    i.PendSV_Handler                         0x080012de   Section        0  stm32f4xx_it.o(i.PendSV_Handler)
    i.RCC_AHB1PeriphClockCmd                 0x080012e0   Section        0  stm32f4xx_rcc.o(i.RCC_AHB1PeriphClockCmd)
    i.RCC_APB1PeriphClockCmd                 0x08001300   Section        0  stm32f4xx_rcc.o(i.RCC_APB1PeriphClockCmd)
    i.RCC_APB2PeriphClockCmd                 0x08001320   Section        0  stm32f4xx_rcc.o(i.RCC_APB2PeriphClockCmd)
    i.RCC_GetClocksFreq                      0x08001340   Section        0  stm32f4xx_rcc.o(i.RCC_GetClocksFreq)
    i.SPI_Cmd                                0x08001428   Section        0  stm32f4xx_spi.o(i.SPI_Cmd)
    i.SPI_Init                               0x08001440   Section        0  stm32f4xx_spi.o(i.SPI_Init)
    i.SPI_LCD_Init                           0x0800147c   Section        0  lcd_spi_169.o(i.SPI_LCD_Init)
    i.SVC_Handler                            0x08001658   Section        0  stm32f4xx_it.o(i.SVC_Handler)
    i.SYSCFG_EXTILineConfig                  0x0800165c   Section        0  stm32f4xx_syscfg.o(i.SYSCFG_EXTILineConfig)
    i.Serial1_Init                           0x0800169c   Section        0  usart.o(i.Serial1_Init)
    i.Serial3_Init                           0x08001748   Section        0  usart.o(i.Serial3_Init)
    i.Serial_SendByte                        0x080017f4   Section        0  usart.o(i.Serial_SendByte)
    i.Servo_Fx_PID                           0x08001814   Section        0  pid.o(i.Servo_Fx_PID)
    i.Servo_Fy_PID                           0x080018d8   Section        0  pid.o(i.Servo_Fy_PID)
    i.Servo_PID_cal                          0x0800199c   Section        0  main.o(i.Servo_PID_cal)
    i.SetSysClock                            0x08001a74   Section        0  system_stm32f4xx.o(i.SetSysClock)
    SetSysClock                              0x08001a75   Thumb Code   220  system_stm32f4xx.o(i.SetSysClock)
    i.SysTick_CLKSourceConfig                0x08001b60   Section        0  misc.o(i.SysTick_CLKSourceConfig)
    i.SysTick_Handler                        0x08001b88   Section        0  stm32f4xx_it.o(i.SysTick_Handler)
    i.SystemInit                             0x08001b90   Section        0  system_stm32f4xx.o(i.SystemInit)
    i.TIM12_PWM_Init                         0x08001bf8   Section        0  pwm.o(i.TIM12_PWM_Init)
    i.TIM2_IRQHandler                        0x08001ccc   Section        0  encoder.o(i.TIM2_IRQHandler)
    i.TIM3_IRQHandler                        0x08001ce4   Section        0  encoder.o(i.TIM3_IRQHandler)
    i.TIM4_IRQHandler                        0x08001d00   Section        0  main.o(i.TIM4_IRQHandler)
    i.TIM9_PWM_Init                          0x08002010   Section        0  pwm.o(i.TIM9_PWM_Init)
    i.TIM_ARRPreloadConfig                   0x080020e4   Section        0  stm32f4xx_tim.o(i.TIM_ARRPreloadConfig)
    i.TIM_ClearITPendingBit                  0x080020fc   Section        0  stm32f4xx_tim.o(i.TIM_ClearITPendingBit)
    i.TIM_Cmd                                0x08002102   Section        0  stm32f4xx_tim.o(i.TIM_Cmd)
    i.TIM_EXTI_Init                          0x0800211c   Section        0  tim_exti.o(i.TIM_EXTI_Init)
    i.TIM_GetITStatus                        0x0800217c   Section        0  stm32f4xx_tim.o(i.TIM_GetITStatus)
    i.TIM_ITConfig                           0x0800219e   Section        0  stm32f4xx_tim.o(i.TIM_ITConfig)
    i.TIM_InternalClockConfig                0x080021b0   Section        0  stm32f4xx_tim.o(i.TIM_InternalClockConfig)
    i.TIM_OC1Init                            0x080021bc   Section        0  stm32f4xx_tim.o(i.TIM_OC1Init)
    i.TIM_OC1PreloadConfig                   0x08002238   Section        0  stm32f4xx_tim.o(i.TIM_OC1PreloadConfig)
    i.TIM_OC2Init                            0x0800224c   Section        0  stm32f4xx_tim.o(i.TIM_OC2Init)
    i.TIM_OC2PreloadConfig                   0x080022f0   Section        0  stm32f4xx_tim.o(i.TIM_OC2PreloadConfig)
    i.TIM_OCStructInit                       0x0800230a   Section        0  stm32f4xx_tim.o(i.TIM_OCStructInit)
    i.TIM_TimeBaseInit                       0x08002320   Section        0  stm32f4xx_tim.o(i.TIM_TimeBaseInit)
    i.TimingDelay_Decrement                  0x080023a4   Section        0  stm32f4xx_it.o(i.TimingDelay_Decrement)
    i.USART1_IRQHandler                      0x080023bc   Section        0  usart.o(i.USART1_IRQHandler)
    i.USART2_IRQHandler                      0x0800240c   Section        0  usart.o(i.USART2_IRQHandler)
    i.USART3_IRQHandler                      0x08002564   Section        0  usart.o(i.USART3_IRQHandler)
    i.USART_ClearITPendingBit                0x08002740   Section        0  stm32f4xx_usart.o(i.USART_ClearITPendingBit)
    i.USART_Cmd                              0x0800275e   Section        0  stm32f4xx_usart.o(i.USART_Cmd)
    i.USART_GetFlagStatus                    0x08002776   Section        0  stm32f4xx_usart.o(i.USART_GetFlagStatus)
    i.USART_GetITStatus                      0x08002790   Section        0  stm32f4xx_usart.o(i.USART_GetITStatus)
    i.USART_ITConfig                         0x080027e4   Section        0  stm32f4xx_usart.o(i.USART_ITConfig)
    i.USART_Init                             0x08002830   Section        0  stm32f4xx_usart.o(i.USART_Init)
    i.USART_ReceiveData                      0x08002904   Section        0  stm32f4xx_usart.o(i.USART_ReceiveData)
    i.USART_SendData                         0x0800290e   Section        0  stm32f4xx_usart.o(i.USART_SendData)
    i.UsageFault_Handler                     0x08002916   Section        0  stm32f4xx_it.o(i.UsageFault_Handler)
    i.__0sprintf                             0x0800291c   Section        0  printfa.o(i.__0sprintf)
    i.__scatterload_copy                     0x08002944   Section       14  handlers.o(i.__scatterload_copy)
    i.__scatterload_null                     0x08002952   Section        2  handlers.o(i.__scatterload_null)
    i.__scatterload_zeroinit                 0x08002954   Section       14  handlers.o(i.__scatterload_zeroinit)
    i._fp_digits                             0x08002964   Section        0  printfa.o(i._fp_digits)
    _fp_digits                               0x08002965   Thumb Code   366  printfa.o(i._fp_digits)
    i._printf_core                           0x08002ae8   Section        0  printfa.o(i._printf_core)
    _printf_core                             0x08002ae9   Thumb Code  1744  printfa.o(i._printf_core)
    i._printf_post_padding                   0x080031c4   Section        0  printfa.o(i._printf_post_padding)
    _printf_post_padding                     0x080031c5   Thumb Code    36  printfa.o(i._printf_post_padding)
    i._printf_pre_padding                    0x080031e8   Section        0  printfa.o(i._printf_pre_padding)
    _printf_pre_padding                      0x080031e9   Thumb Code    46  printfa.o(i._printf_pre_padding)
    i._sputc                                 0x08003216   Section        0  printfa.o(i._sputc)
    _sputc                                   0x08003217   Thumb Code    10  printfa.o(i._sputc)
    i.chazhi_xunji                           0x08003220   Section        0  main.o(i.chazhi_xunji)
    i.delay_init                             0x080032a0   Section        0  delay.o(i.delay_init)
    i.load                                   0x080032dc   Section        0  control.o(i.load)
    i.main                                   0x08003360   Section        0  main.o(i.main)
    .constdata                               0x080034c0   Section    26660  lcd_fonts.o(.constdata)
    .data                                    0x20000000   Section      108  control.o(.data)
    .data                                    0x2000006c   Section        4  delay.o(.data)
    fac_us                                   0x2000006c   Data           1  delay.o(.data)
    fac_ms                                   0x2000006e   Data           2  delay.o(.data)
    .data                                    0x20000070   Section      176  pid.o(.data)
    V_Kp                                     0x20000070   Data           4  pid.o(.data)
    V_Ki                                     0x20000074   Data           4  pid.o(.data)
    V_kd                                     0x20000078   Data           4  pid.o(.data)
    error                                    0x2000007c   Data           4  pid.o(.data)
    PWM_out                                  0x20000080   Data           4  pid.o(.data)
    last_error                               0x20000084   Data           4  pid.o(.data)
    last_last_error                          0x20000088   Data           4  pid.o(.data)
    V_Kp                                     0x2000008c   Data           4  pid.o(.data)
    V_Ki                                     0x20000090   Data           4  pid.o(.data)
    V_kd                                     0x20000094   Data           4  pid.o(.data)
    error                                    0x20000098   Data           4  pid.o(.data)
    PWM_out                                  0x2000009c   Data           4  pid.o(.data)
    last_error                               0x200000a0   Data           4  pid.o(.data)
    last_last_error                          0x200000a4   Data           4  pid.o(.data)
    rho_Kp                                   0x200000a8   Data           4  pid.o(.data)
    rho_Kd                                   0x200000ac   Data           4  pid.o(.data)
    rho_ki                                   0x200000b0   Data           4  pid.o(.data)
    PWM_out                                  0x200000b4   Data           4  pid.o(.data)
    error                                    0x200000b8   Data           4  pid.o(.data)
    last_error                               0x200000bc   Data           4  pid.o(.data)
    error_diffrence                          0x200000c0   Data           4  pid.o(.data)
    error_inter                              0x200000c4   Data           4  pid.o(.data)
    rho_Kp                                   0x200000c8   Data           4  pid.o(.data)
    rho_Kd                                   0x200000cc   Data           4  pid.o(.data)
    rho_ki                                   0x200000d0   Data           4  pid.o(.data)
    PWM_out                                  0x200000d4   Data           4  pid.o(.data)
    error                                    0x200000d8   Data           4  pid.o(.data)
    last_error                               0x200000dc   Data           4  pid.o(.data)
    error_diffrence                          0x200000e0   Data           4  pid.o(.data)
    error_inter                              0x200000e4   Data           4  pid.o(.data)
    Fx_Kp                                    0x200000e8   Data           4  pid.o(.data)
    Fx_Kd                                    0x200000ec   Data           4  pid.o(.data)
    Fx_ki                                    0x200000f0   Data           4  pid.o(.data)
    error                                    0x200000f4   Data           4  pid.o(.data)
    PWM_out                                  0x200000f8   Data           4  pid.o(.data)
    last_error                               0x200000fc   Data           4  pid.o(.data)
    last_last_error                          0x20000100   Data           4  pid.o(.data)
    Fy_Kp                                    0x20000104   Data           4  pid.o(.data)
    Fy_Kd                                    0x20000108   Data           4  pid.o(.data)
    Fy_ki                                    0x2000010c   Data           4  pid.o(.data)
    error                                    0x20000110   Data           4  pid.o(.data)
    PWM_out                                  0x20000114   Data           4  pid.o(.data)
    last_error                               0x20000118   Data           4  pid.o(.data)
    last_last_error                          0x2000011c   Data           4  pid.o(.data)
    .data                                    0x20000120   Section        5  usart.o(.data)
    .data                                    0x20000128   Section      120  lcd_fonts.o(.data)
    .data                                    0x200001a0   Section        8  lcd_spi_169.o(.data)
    LCD_AsciiFonts                           0x200001a0   Data           4  lcd_spi_169.o(.data)
    LCD_CHFonts                              0x200001a4   Data           4  lcd_spi_169.o(.data)
    .data                                    0x200001a8   Section       48  main.o(.data)
    .data                                    0x200001d8   Section        4  stm32f4xx_it.o(.data)
    TimingDelay                              0x200001d8   Data           4  stm32f4xx_it.o(.data)
    .data                                    0x200001dc   Section       16  stm32f4xx_rcc.o(.data)
    APBAHBPrescTable                         0x200001dc   Data          16  stm32f4xx_rcc.o(.data)
    .bss                                     0x200001ec   Section       56  usart.o(.bss)
    .bss                                     0x20000224   Section     2064  lcd_spi_169.o(.bss)
    STACK                                    0x20000a38   Section     1024  startup_stm32f40_41xxx.o(STACK)

    Global Symbols

    Symbol Name                              Value     Ov Type        Size  Object(Section)

    BuildAttributes$$THM_ISAv4$E$P$D$K$B$S$7EM$VFPi3$EXTD16$VFPS$VFMA$PE$A:L22UL41UL21$X:L11$S22US41US21$IEEE1$IW$USESV6$~STKCKD$USESV7$~SHL$OTIME$ROPI$IEEEX$EBA8$MICROLIB$REQ8$PRES8$EABIv2 0x00000000   Number         0  anon$$obj.o ABSOLUTE
    __ARM_use_no_argv                        0x00000000   Number         0  main.o ABSOLUTE
    _printf_a                                0x00000000   Number         0  stubs.o ABSOLUTE
    _printf_c                                0x00000000   Number         0  stubs.o ABSOLUTE
    _printf_charcount                        0x00000000   Number         0  stubs.o ABSOLUTE
    _printf_d                                0x00000000   Number         0  stubs.o ABSOLUTE
    _printf_e                                0x00000000   Number         0  stubs.o ABSOLUTE
    _printf_f                                0x00000000   Number         0  stubs.o ABSOLUTE
    _printf_flags                            0x00000000   Number         0  stubs.o ABSOLUTE
    _printf_fp_dec                           0x00000000   Number         0  stubs.o ABSOLUTE
    _printf_fp_hex                           0x00000000   Number         0  stubs.o ABSOLUTE
    _printf_g                                0x00000000   Number         0  stubs.o ABSOLUTE
    _printf_i                                0x00000000   Number         0  stubs.o ABSOLUTE
    _printf_int_dec                          0x00000000   Number         0  stubs.o ABSOLUTE
    _printf_l                                0x00000000   Number         0  stubs.o ABSOLUTE
    _printf_lc                               0x00000000   Number         0  stubs.o ABSOLUTE
    _printf_ll                               0x00000000   Number         0  stubs.o ABSOLUTE
    _printf_lld                              0x00000000   Number         0  stubs.o ABSOLUTE
    _printf_lli                              0x00000000   Number         0  stubs.o ABSOLUTE
    _printf_llo                              0x00000000   Number         0  stubs.o ABSOLUTE
    _printf_llu                              0x00000000   Number         0  stubs.o ABSOLUTE
    _printf_llx                              0x00000000   Number         0  stubs.o ABSOLUTE
    _printf_longlong_dec                     0x00000000   Number         0  stubs.o ABSOLUTE
    _printf_longlong_hex                     0x00000000   Number         0  stubs.o ABSOLUTE
    _printf_longlong_oct                     0x00000000   Number         0  stubs.o ABSOLUTE
    _printf_ls                               0x00000000   Number         0  stubs.o ABSOLUTE
    _printf_mbtowc                           0x00000000   Number         0  stubs.o ABSOLUTE
    _printf_n                                0x00000000   Number         0  stubs.o ABSOLUTE
    _printf_o                                0x00000000   Number         0  stubs.o ABSOLUTE
    _printf_p                                0x00000000   Number         0  stubs.o ABSOLUTE
    _printf_percent                          0x00000000   Number         0  stubs.o ABSOLUTE
    _printf_pre_padding                      0x00000000   Number         0  stubs.o ABSOLUTE
    _printf_return_value                     0x00000000   Number         0  stubs.o ABSOLUTE
    _printf_s                                0x00000000   Number         0  stubs.o ABSOLUTE
    _printf_sizespec                         0x00000000   Number         0  stubs.o ABSOLUTE
    _printf_str                              0x00000000   Number         0  stubs.o ABSOLUTE
    _printf_truncate_signed                  0x00000000   Number         0  stubs.o ABSOLUTE
    _printf_truncate_unsigned                0x00000000   Number         0  stubs.o ABSOLUTE
    _printf_u                                0x00000000   Number         0  stubs.o ABSOLUTE
    _printf_wc                               0x00000000   Number         0  stubs.o ABSOLUTE
    _printf_wctomb                           0x00000000   Number         0  stubs.o ABSOLUTE
    _printf_widthprec                        0x00000000   Number         0  stubs.o ABSOLUTE
    _printf_x                                0x00000000   Number         0  stubs.o ABSOLUTE
    __cpp_initialize__aeabi_                  - Undefined Weak Reference
    __cxa_finalize                            - Undefined Weak Reference
    _clock_init                               - Undefined Weak Reference
    _microlib_exit                            - Undefined Weak Reference
    __Vectors_Size                           0x00000188   Number         0  startup_stm32f40_41xxx.o ABSOLUTE
    __Vectors                                0x08000000   Data           4  startup_stm32f40_41xxx.o(RESET)
    __Vectors_End                            0x08000188   Data           0  startup_stm32f40_41xxx.o(RESET)
    __main                                   0x08000189   Thumb Code     0  entry.o(.ARM.Collect$$$$00000000)
    _main_stk                                0x08000189   Thumb Code     0  entry2.o(.ARM.Collect$$$$00000001)
    _main_scatterload                        0x0800018d   Thumb Code     0  entry5.o(.ARM.Collect$$$$00000004)
    __main_after_scatterload                 0x08000191   Thumb Code     0  entry5.o(.ARM.Collect$$$$00000004)
    _main_clock                              0x08000191   Thumb Code     0  entry7b.o(.ARM.Collect$$$$00000008)
    _main_cpp_init                           0x08000191   Thumb Code     0  entry8b.o(.ARM.Collect$$$$0000000A)
    _main_init                               0x08000191   Thumb Code     0  entry9a.o(.ARM.Collect$$$$0000000B)
    __rt_final_cpp                           0x08000199   Thumb Code     0  entry10a.o(.ARM.Collect$$$$0000000D)
    __rt_final_exit                          0x08000199   Thumb Code     0  entry11a.o(.ARM.Collect$$$$0000000F)
    Reset_Handler                            0x0800019d   Thumb Code     8  startup_stm32f40_41xxx.o(.text)
    ADC_IRQHandler                           0x080001b7   Thumb Code     0  startup_stm32f40_41xxx.o(.text)
    CAN1_RX0_IRQHandler                      0x080001b7   Thumb Code     0  startup_stm32f40_41xxx.o(.text)
    CAN1_RX1_IRQHandler                      0x080001b7   Thumb Code     0  startup_stm32f40_41xxx.o(.text)
    CAN1_SCE_IRQHandler                      0x080001b7   Thumb Code     0  startup_stm32f40_41xxx.o(.text)
    CAN1_TX_IRQHandler                       0x080001b7   Thumb Code     0  startup_stm32f40_41xxx.o(.text)
    CAN2_RX0_IRQHandler                      0x080001b7   Thumb Code     0  startup_stm32f40_41xxx.o(.text)
    CAN2_RX1_IRQHandler                      0x080001b7   Thumb Code     0  startup_stm32f40_41xxx.o(.text)
    CAN2_SCE_IRQHandler                      0x080001b7   Thumb Code     0  startup_stm32f40_41xxx.o(.text)
    CAN2_TX_IRQHandler                       0x080001b7   Thumb Code     0  startup_stm32f40_41xxx.o(.text)
    CRYP_IRQHandler                          0x080001b7   Thumb Code     0  startup_stm32f40_41xxx.o(.text)
    DCMI_IRQHandler                          0x080001b7   Thumb Code     0  startup_stm32f40_41xxx.o(.text)
    DMA1_Stream0_IRQHandler                  0x080001b7   Thumb Code     0  startup_stm32f40_41xxx.o(.text)
    DMA1_Stream1_IRQHandler                  0x080001b7   Thumb Code     0  startup_stm32f40_41xxx.o(.text)
    DMA1_Stream2_IRQHandler                  0x080001b7   Thumb Code     0  startup_stm32f40_41xxx.o(.text)
    DMA1_Stream3_IRQHandler                  0x080001b7   Thumb Code     0  startup_stm32f40_41xxx.o(.text)
    DMA1_Stream4_IRQHandler                  0x080001b7   Thumb Code     0  startup_stm32f40_41xxx.o(.text)
    DMA1_Stream5_IRQHandler                  0x080001b7   Thumb Code     0  startup_stm32f40_41xxx.o(.text)
    DMA1_Stream6_IRQHandler                  0x080001b7   Thumb Code     0  startup_stm32f40_41xxx.o(.text)
    DMA1_Stream7_IRQHandler                  0x080001b7   Thumb Code     0  startup_stm32f40_41xxx.o(.text)
    DMA2_Stream0_IRQHandler                  0x080001b7   Thumb Code     0  startup_stm32f40_41xxx.o(.text)
    DMA2_Stream1_IRQHandler                  0x080001b7   Thumb Code     0  startup_stm32f40_41xxx.o(.text)
    DMA2_Stream2_IRQHandler                  0x080001b7   Thumb Code     0  startup_stm32f40_41xxx.o(.text)
    DMA2_Stream3_IRQHandler                  0x080001b7   Thumb Code     0  startup_stm32f40_41xxx.o(.text)
    DMA2_Stream4_IRQHandler                  0x080001b7   Thumb Code     0  startup_stm32f40_41xxx.o(.text)
    DMA2_Stream5_IRQHandler                  0x080001b7   Thumb Code     0  startup_stm32f40_41xxx.o(.text)
    DMA2_Stream6_IRQHandler                  0x080001b7   Thumb Code     0  startup_stm32f40_41xxx.o(.text)
    DMA2_Stream7_IRQHandler                  0x080001b7   Thumb Code     0  startup_stm32f40_41xxx.o(.text)
    ETH_IRQHandler                           0x080001b7   Thumb Code     0  startup_stm32f40_41xxx.o(.text)
    ETH_WKUP_IRQHandler                      0x080001b7   Thumb Code     0  startup_stm32f40_41xxx.o(.text)
    EXTI0_IRQHandler                         0x080001b7   Thumb Code     0  startup_stm32f40_41xxx.o(.text)
    EXTI1_IRQHandler                         0x080001b7   Thumb Code     0  startup_stm32f40_41xxx.o(.text)
    EXTI3_IRQHandler                         0x080001b7   Thumb Code     0  startup_stm32f40_41xxx.o(.text)
    EXTI9_5_IRQHandler                       0x080001b7   Thumb Code     0  startup_stm32f40_41xxx.o(.text)
    FLASH_IRQHandler                         0x080001b7   Thumb Code     0  startup_stm32f40_41xxx.o(.text)
    FPU_IRQHandler                           0x080001b7   Thumb Code     0  startup_stm32f40_41xxx.o(.text)
    FSMC_IRQHandler                          0x080001b7   Thumb Code     0  startup_stm32f40_41xxx.o(.text)
    HASH_RNG_IRQHandler                      0x080001b7   Thumb Code     0  startup_stm32f40_41xxx.o(.text)
    I2C1_ER_IRQHandler                       0x080001b7   Thumb Code     0  startup_stm32f40_41xxx.o(.text)
    I2C1_EV_IRQHandler                       0x080001b7   Thumb Code     0  startup_stm32f40_41xxx.o(.text)
    I2C2_ER_IRQHandler                       0x080001b7   Thumb Code     0  startup_stm32f40_41xxx.o(.text)
    I2C2_EV_IRQHandler                       0x080001b7   Thumb Code     0  startup_stm32f40_41xxx.o(.text)
    I2C3_ER_IRQHandler                       0x080001b7   Thumb Code     0  startup_stm32f40_41xxx.o(.text)
    I2C3_EV_IRQHandler                       0x080001b7   Thumb Code     0  startup_stm32f40_41xxx.o(.text)
    OTG_FS_IRQHandler                        0x080001b7   Thumb Code     0  startup_stm32f40_41xxx.o(.text)
    OTG_FS_WKUP_IRQHandler                   0x080001b7   Thumb Code     0  startup_stm32f40_41xxx.o(.text)
    OTG_HS_EP1_IN_IRQHandler                 0x080001b7   Thumb Code     0  startup_stm32f40_41xxx.o(.text)
    OTG_HS_EP1_OUT_IRQHandler                0x080001b7   Thumb Code     0  startup_stm32f40_41xxx.o(.text)
    OTG_HS_IRQHandler                        0x080001b7   Thumb Code     0  startup_stm32f40_41xxx.o(.text)
    OTG_HS_WKUP_IRQHandler                   0x080001b7   Thumb Code     0  startup_stm32f40_41xxx.o(.text)
    PVD_IRQHandler                           0x080001b7   Thumb Code     0  startup_stm32f40_41xxx.o(.text)
    RCC_IRQHandler                           0x080001b7   Thumb Code     0  startup_stm32f40_41xxx.o(.text)
    RTC_Alarm_IRQHandler                     0x080001b7   Thumb Code     0  startup_stm32f40_41xxx.o(.text)
    RTC_WKUP_IRQHandler                      0x080001b7   Thumb Code     0  startup_stm32f40_41xxx.o(.text)
    SDIO_IRQHandler                          0x080001b7   Thumb Code     0  startup_stm32f40_41xxx.o(.text)
    SPI1_IRQHandler                          0x080001b7   Thumb Code     0  startup_stm32f40_41xxx.o(.text)
    SPI2_IRQHandler                          0x080001b7   Thumb Code     0  startup_stm32f40_41xxx.o(.text)
    SPI3_IRQHandler                          0x080001b7   Thumb Code     0  startup_stm32f40_41xxx.o(.text)
    TAMP_STAMP_IRQHandler                    0x080001b7   Thumb Code     0  startup_stm32f40_41xxx.o(.text)
    TIM1_BRK_TIM9_IRQHandler                 0x080001b7   Thumb Code     0  startup_stm32f40_41xxx.o(.text)
    TIM1_CC_IRQHandler                       0x080001b7   Thumb Code     0  startup_stm32f40_41xxx.o(.text)
    TIM1_TRG_COM_TIM11_IRQHandler            0x080001b7   Thumb Code     0  startup_stm32f40_41xxx.o(.text)
    TIM1_UP_TIM10_IRQHandler                 0x080001b7   Thumb Code     0  startup_stm32f40_41xxx.o(.text)
    TIM5_IRQHandler                          0x080001b7   Thumb Code     0  startup_stm32f40_41xxx.o(.text)
    TIM6_DAC_IRQHandler                      0x080001b7   Thumb Code     0  startup_stm32f40_41xxx.o(.text)
    TIM7_IRQHandler                          0x080001b7   Thumb Code     0  startup_stm32f40_41xxx.o(.text)
    TIM8_BRK_TIM12_IRQHandler                0x080001b7   Thumb Code     0  startup_stm32f40_41xxx.o(.text)
    TIM8_CC_IRQHandler                       0x080001b7   Thumb Code     0  startup_stm32f40_41xxx.o(.text)
    TIM8_TRG_COM_TIM14_IRQHandler            0x080001b7   Thumb Code     0  startup_stm32f40_41xxx.o(.text)
    TIM8_UP_TIM13_IRQHandler                 0x080001b7   Thumb Code     0  startup_stm32f40_41xxx.o(.text)
    UART4_IRQHandler                         0x080001b7   Thumb Code     0  startup_stm32f40_41xxx.o(.text)
    UART5_IRQHandler                         0x080001b7   Thumb Code     0  startup_stm32f40_41xxx.o(.text)
    USART6_IRQHandler                        0x080001b7   Thumb Code     0  startup_stm32f40_41xxx.o(.text)
    WWDG_IRQHandler                          0x080001b7   Thumb Code     0  startup_stm32f40_41xxx.o(.text)
    __aeabi_dadd                             0x080001c1   Thumb Code   322  dadd.o(.text)
    __aeabi_dsub                             0x08000303   Thumb Code     6  dadd.o(.text)
    __aeabi_drsub                            0x08000309   Thumb Code     6  dadd.o(.text)
    __aeabi_dmul                             0x0800030f   Thumb Code   228  dmul.o(.text)
    __aeabi_ddiv                             0x080003f3   Thumb Code   222  ddiv.o(.text)
    __aeabi_f2d                              0x080004d1   Thumb Code    38  f2d.o(.text)
    __aeabi_uidiv                            0x080004f7   Thumb Code     0  uidiv.o(.text)
    __aeabi_uidivmod                         0x080004f7   Thumb Code    44  uidiv.o(.text)
    __aeabi_uldivmod                         0x08000523   Thumb Code    98  uldiv.o(.text)
    __aeabi_llsl                             0x08000585   Thumb Code    30  llshl.o(.text)
    _ll_shift_l                              0x08000585   Thumb Code     0  llshl.o(.text)
    __aeabi_llsr                             0x080005a3   Thumb Code    32  llushr.o(.text)
    _ll_ushift_r                             0x080005a3   Thumb Code     0  llushr.o(.text)
    __aeabi_lasr                             0x080005c3   Thumb Code    36  llsshr.o(.text)
    _ll_sshift_r                             0x080005c3   Thumb Code     0  llsshr.o(.text)
    __I$use$fp                               0x080005e7   Thumb Code     0  iusefp.o(.text)
    _double_round                            0x080005e7   Thumb Code    30  depilogue.o(.text)
    _double_epilogue                         0x08000605   Thumb Code   156  depilogue.o(.text)
    __aeabi_d2ulz                            0x080006a1   Thumb Code    48  dfixul.o(.text)
    __aeabi_cdrcmple                         0x080006d1   Thumb Code    48  cdrcmple.o(.text)
    __scatterload                            0x08000701   Thumb Code    28  init.o(.text)
    __scatterload_rt2                        0x08000701   Thumb Code     0  init.o(.text)
    __decompress                             0x08000725   Thumb Code     0  __dczerorl2.o(.text)
    __decompress1                            0x08000725   Thumb Code    86  __dczerorl2.o(.text)
    BusFault_Handler                         0x0800077b   Thumb Code     4  stm32f4xx_it.o(i.BusFault_Handler)
    Config_Init                              0x08000781   Thumb Code    84  main.o(i.Config_Init)
    DebugMon_Handler                         0x080007d9   Thumb Code     2  stm32f4xx_it.o(i.DebugMon_Handler)
    EXTI15_10_IRQHandler                     0x080007dd   Thumb Code    40  main.o(i.EXTI15_10_IRQHandler)
    EXTI2_IRQHandler                         0x0800080d   Thumb Code    36  main.o(i.EXTI2_IRQHandler)
    EXTI4_IRQHandler                         0x08000839   Thumb Code    44  main.o(i.EXTI4_IRQHandler)
    EXTI_ClearITPendingBit                   0x08000871   Thumb Code     6  stm32f4xx_exti.o(i.EXTI_ClearITPendingBit)
    EXTI_GetITStatus                         0x0800087d   Thumb Code    20  stm32f4xx_exti.o(i.EXTI_GetITStatus)
    EXTI_Init                                0x08000895   Thumb Code   142  stm32f4xx_exti.o(i.EXTI_Init)
    GPIO_Init                                0x08000929   Thumb Code   144  stm32f4xx_gpio.o(i.GPIO_Init)
    GPIO_PinAFConfig                         0x080009b9   Thumb Code    70  stm32f4xx_gpio.o(i.GPIO_PinAFConfig)
    GPIO_ReadInputDataBit                    0x080009ff   Thumb Code    18  stm32f4xx_gpio.o(i.GPIO_ReadInputDataBit)
    GPIO_ResetBits                           0x08000a11   Thumb Code     4  stm32f4xx_gpio.o(i.GPIO_ResetBits)
    GPIO_SetBits                             0x08000a15   Thumb Code     4  stm32f4xx_gpio.o(i.GPIO_SetBits)
    HardFault_Handler                        0x08000a19   Thumb Code     4  stm32f4xx_it.o(i.HardFault_Handler)
    Key_Init                                 0x08000a1d   Thumb Code   240  key.o(i.Key_Init)
    LCD_Clear                                0x08000b11   Thumb Code   178  lcd_spi_169.o(i.LCD_Clear)
    LCD_Delay                                0x08000bd1   Thumb Code    42  lcd_spi_169.o(i.LCD_Delay)
    LCD_DisplayChar                          0x08000bfd   Thumb Code   210  lcd_spi_169.o(i.LCD_DisplayChar)
    LCD_DisplayDecimals                      0x08000ce1   Thumb Code    82  lcd_spi_169.o(i.LCD_DisplayDecimals)
    LCD_DisplayNumber                        0x08000d49   Thumb Code    58  lcd_spi_169.o(i.LCD_DisplayNumber)
    LCD_DisplayString                        0x08000d95   Thumb Code    48  lcd_spi_169.o(i.LCD_DisplayString)
    LCD_GPIO_Config                          0x08000dcd   Thumb Code   166  lcd_spi_169.o(i.LCD_GPIO_Config)
    LCD_SPI_Config                           0x08000e7d   Thumb Code    86  lcd_spi_169.o(i.LCD_SPI_Config)
    LCD_SetAddress                           0x08000ed9   Thumb Code   114  lcd_spi_169.o(i.LCD_SetAddress)
    LCD_SetAsciiFont                         0x08000f59   Thumb Code     6  lcd_spi_169.o(i.LCD_SetAsciiFont)
    LCD_SetBackColor                         0x08000f65   Thumb Code    36  lcd_spi_169.o(i.LCD_SetBackColor)
    LCD_SetColor                             0x08000f8d   Thumb Code    36  lcd_spi_169.o(i.LCD_SetColor)
    LCD_SetDirection                         0x08000fb5   Thumb Code   190  lcd_spi_169.o(i.LCD_SetDirection)
    LCD_ShowNumMode                          0x08001081   Thumb Code     6  lcd_spi_169.o(i.LCD_ShowNumMode)
    LCD_WriteBuff                            0x0800108d   Thumb Code   146  lcd_spi_169.o(i.LCD_WriteBuff)
    LCD_WriteCommand                         0x08001129   Thumb Code    74  lcd_spi_169.o(i.LCD_WriteCommand)
    LCD_WriteData_16bit                      0x0800117d   Thumb Code    44  lcd_spi_169.o(i.LCD_WriteData_16bit)
    LCD_WriteData_8bit                       0x080011ad   Thumb Code    22  lcd_spi_169.o(i.LCD_WriteData_8bit)
    LED_Init                                 0x080011c9   Thumb Code    58  led.o(i.LED_Init)
    MemManage_Handler                        0x08001209   Thumb Code     4  stm32f4xx_it.o(i.MemManage_Handler)
    MyAbs                                    0x0800120d   Thumb Code    16  pid.o(i.MyAbs)
    NMI_Handler                              0x0800121d   Thumb Code     2  stm32f4xx_it.o(i.NMI_Handler)
    NVIC_Init                                0x08001221   Thumb Code   106  misc.o(i.NVIC_Init)
    PWM_OUT_LIMIT                            0x08001299   Thumb Code    70  pid.o(i.PWM_OUT_LIMIT)
    PendSV_Handler                           0x080012df   Thumb Code     2  stm32f4xx_it.o(i.PendSV_Handler)
    RCC_AHB1PeriphClockCmd                   0x080012e1   Thumb Code    26  stm32f4xx_rcc.o(i.RCC_AHB1PeriphClockCmd)
    RCC_APB1PeriphClockCmd                   0x08001301   Thumb Code    26  stm32f4xx_rcc.o(i.RCC_APB1PeriphClockCmd)
    RCC_APB2PeriphClockCmd                   0x08001321   Thumb Code    26  stm32f4xx_rcc.o(i.RCC_APB2PeriphClockCmd)
    RCC_GetClocksFreq                        0x08001341   Thumb Code   214  stm32f4xx_rcc.o(i.RCC_GetClocksFreq)
    SPI_Cmd                                  0x08001429   Thumb Code    24  stm32f4xx_spi.o(i.SPI_Cmd)
    SPI_Init                                 0x08001441   Thumb Code    60  stm32f4xx_spi.o(i.SPI_Init)
    SPI_LCD_Init                             0x0800147d   Thumb Code   464  lcd_spi_169.o(i.SPI_LCD_Init)
    SVC_Handler                              0x08001659   Thumb Code     2  stm32f4xx_it.o(i.SVC_Handler)
    SYSCFG_EXTILineConfig                    0x0800165d   Thumb Code    60  stm32f4xx_syscfg.o(i.SYSCFG_EXTILineConfig)
    Serial1_Init                             0x0800169d   Thumb Code   164  usart.o(i.Serial1_Init)
    Serial3_Init                             0x08001749   Thumb Code   164  usart.o(i.Serial3_Init)
    Serial_SendByte                          0x080017f5   Thumb Code    30  usart.o(i.Serial_SendByte)
    Servo_Fx_PID                             0x08001815   Thumb Code   164  pid.o(i.Servo_Fx_PID)
    Servo_Fy_PID                             0x080018d9   Thumb Code   164  pid.o(i.Servo_Fy_PID)
    Servo_PID_cal                            0x0800199d   Thumb Code   192  main.o(i.Servo_PID_cal)
    SysTick_CLKSourceConfig                  0x08001b61   Thumb Code    40  misc.o(i.SysTick_CLKSourceConfig)
    SysTick_Handler                          0x08001b89   Thumb Code     8  stm32f4xx_it.o(i.SysTick_Handler)
    SystemInit                               0x08001b91   Thumb Code    88  system_stm32f4xx.o(i.SystemInit)
    TIM12_PWM_Init                           0x08001bf9   Thumb Code   204  pwm.o(i.TIM12_PWM_Init)
    TIM2_IRQHandler                          0x08001ccd   Thumb Code    22  encoder.o(i.TIM2_IRQHandler)
    TIM3_IRQHandler                          0x08001ce5   Thumb Code    22  encoder.o(i.TIM3_IRQHandler)
    TIM4_IRQHandler                          0x08001d01   Thumb Code   740  main.o(i.TIM4_IRQHandler)
    TIM9_PWM_Init                            0x08002011   Thumb Code   202  pwm.o(i.TIM9_PWM_Init)
    TIM_ARRPreloadConfig                     0x080020e5   Thumb Code    24  stm32f4xx_tim.o(i.TIM_ARRPreloadConfig)
    TIM_ClearITPendingBit                    0x080020fd   Thumb Code     6  stm32f4xx_tim.o(i.TIM_ClearITPendingBit)
    TIM_Cmd                                  0x08002103   Thumb Code    24  stm32f4xx_tim.o(i.TIM_Cmd)
    TIM_EXTI_Init                            0x0800211d   Thumb Code    92  tim_exti.o(i.TIM_EXTI_Init)
    TIM_GetITStatus                          0x0800217d   Thumb Code    34  stm32f4xx_tim.o(i.TIM_GetITStatus)
    TIM_ITConfig                             0x0800219f   Thumb Code    18  stm32f4xx_tim.o(i.TIM_ITConfig)
    TIM_InternalClockConfig                  0x080021b1   Thumb Code    12  stm32f4xx_tim.o(i.TIM_InternalClockConfig)
    TIM_OC1Init                              0x080021bd   Thumb Code   114  stm32f4xx_tim.o(i.TIM_OC1Init)
    TIM_OC1PreloadConfig                     0x08002239   Thumb Code    18  stm32f4xx_tim.o(i.TIM_OC1PreloadConfig)
    TIM_OC2Init                              0x0800224d   Thumb Code   154  stm32f4xx_tim.o(i.TIM_OC2Init)
    TIM_OC2PreloadConfig                     0x080022f1   Thumb Code    26  stm32f4xx_tim.o(i.TIM_OC2PreloadConfig)
    TIM_OCStructInit                         0x0800230b   Thumb Code    20  stm32f4xx_tim.o(i.TIM_OCStructInit)
    TIM_TimeBaseInit                         0x08002321   Thumb Code   104  stm32f4xx_tim.o(i.TIM_TimeBaseInit)
    TimingDelay_Decrement                    0x080023a5   Thumb Code    18  stm32f4xx_it.o(i.TimingDelay_Decrement)
    USART1_IRQHandler                        0x080023bd   Thumb Code    62  usart.o(i.USART1_IRQHandler)
    USART2_IRQHandler                        0x0800240d   Thumb Code   324  usart.o(i.USART2_IRQHandler)
    USART3_IRQHandler                        0x08002565   Thumb Code   422  usart.o(i.USART3_IRQHandler)
    USART_ClearITPendingBit                  0x08002741   Thumb Code    30  stm32f4xx_usart.o(i.USART_ClearITPendingBit)
    USART_Cmd                                0x0800275f   Thumb Code    24  stm32f4xx_usart.o(i.USART_Cmd)
    USART_GetFlagStatus                      0x08002777   Thumb Code    26  stm32f4xx_usart.o(i.USART_GetFlagStatus)
    USART_GetITStatus                        0x08002791   Thumb Code    84  stm32f4xx_usart.o(i.USART_GetITStatus)
    USART_ITConfig                           0x080027e5   Thumb Code    74  stm32f4xx_usart.o(i.USART_ITConfig)
    USART_Init                               0x08002831   Thumb Code   204  stm32f4xx_usart.o(i.USART_Init)
    USART_ReceiveData                        0x08002905   Thumb Code    10  stm32f4xx_usart.o(i.USART_ReceiveData)
    USART_SendData                           0x0800290f   Thumb Code     8  stm32f4xx_usart.o(i.USART_SendData)
    UsageFault_Handler                       0x08002917   Thumb Code     4  stm32f4xx_it.o(i.UsageFault_Handler)
    __0sprintf                               0x0800291d   Thumb Code    34  printfa.o(i.__0sprintf)
    __1sprintf                               0x0800291d   Thumb Code     0  printfa.o(i.__0sprintf)
    __2sprintf                               0x0800291d   Thumb Code     0  printfa.o(i.__0sprintf)
    __c89sprintf                             0x0800291d   Thumb Code     0  printfa.o(i.__0sprintf)
    sprintf                                  0x0800291d   Thumb Code     0  printfa.o(i.__0sprintf)
    __scatterload_copy                       0x08002945   Thumb Code    14  handlers.o(i.__scatterload_copy)
    __scatterload_null                       0x08002953   Thumb Code     2  handlers.o(i.__scatterload_null)
    __scatterload_zeroinit                   0x08002955   Thumb Code    14  handlers.o(i.__scatterload_zeroinit)
    chazhi_xunji                             0x08003221   Thumb Code   108  main.o(i.chazhi_xunji)
    delay_init                               0x080032a1   Thumb Code    52  delay.o(i.delay_init)
    load                                     0x080032dd   Thumb Code   124  control.o(i.load)
    main                                     0x08003361   Thumb Code   306  main.o(i.main)
    Chinese_1212                             0x080034c0   Data         480  lcd_fonts.o(.constdata)
    Chinese_1616                             0x080036a0   Data         640  lcd_fonts.o(.constdata)
    Chinese_2020                             0x08003920   Data        1200  lcd_fonts.o(.constdata)
    Chinese_2424                             0x08003dd0   Data        4680  lcd_fonts.o(.constdata)
    Chinese_3232                             0x08005018   Data        2560  lcd_fonts.o(.constdata)
    ASCII_3216_Table                         0x08005a18   Data        6080  lcd_fonts.o(.constdata)
    ASCII_2412_Table                         0x080071d8   Data        4560  lcd_fonts.o(.constdata)
    ASCII_2010_Table                         0x080083a8   Data        3800  lcd_fonts.o(.constdata)
    ASCII_1608_Table                         0x08009280   Data        1520  lcd_fonts.o(.constdata)
    ASCII_1206_Table                         0x08009870   Data        1140  lcd_fonts.o(.constdata)
    Region$$Table$$Base                      0x08009ce4   Number         0  anon$$obj.o(Region$$Table)
    Region$$Table$$Limit                     0x08009d04   Number         0  anon$$obj.o(Region$$Table)
    X1                                       0x20000000   Data           4  control.o(.data)
    Y1                                       0x20000004   Data           4  control.o(.data)
    X2                                       0x20000008   Data           4  control.o(.data)
    Y2                                       0x2000000c   Data           4  control.o(.data)
    X3                                       0x20000010   Data           4  control.o(.data)
    Y3                                       0x20000014   Data           4  control.o(.data)
    X4                                       0x20000018   Data           4  control.o(.data)
    Y4                                       0x2000001c   Data           4  control.o(.data)
    motor_speed1                             0x20000020   Data           4  control.o(.data)
    motor_speed2                             0x20000024   Data           4  control.o(.data)
    Target_V                                 0x20000028   Data           2  control.o(.data)
    Speed                                    0x2000002a   Data           2  control.o(.data)
    Speed_Left                               0x2000002c   Data           2  control.o(.data)
    Speed_Right                              0x2000002e   Data           2  control.o(.data)
    pathLenth                                0x20000030   Data           2  control.o(.data)
    Target_Fx                                0x20000032   Data           2  control.o(.data)
    Target_Fy                                0x20000034   Data           2  control.o(.data)
    Servo_pwm_out                            0x20000038   Data           8  control.o(.data)
    reset_flag                               0x20000040   Data           1  control.o(.data)
    axis                                     0x20000044   Data          32  control.o(.data)
    motor_left                               0x20000064   Data           4  control.o(.data)
    motor_right                              0x20000068   Data           4  control.o(.data)
    Serial1_RxData                           0x20000120   Data           1  usart.o(.data)
    Serial2_RxData                           0x20000121   Data           1  usart.o(.data)
    Serial3_RxData                           0x20000122   Data           1  usart.o(.data)
    i                                        0x20000123   Data           1  usart.o(.data)
    flag                                     0x20000124   Data           1  usart.o(.data)
    CH_Font12                                0x20000128   Data          12  lcd_fonts.o(.data)
    CH_Font16                                0x20000134   Data          12  lcd_fonts.o(.data)
    CH_Font20                                0x20000140   Data          12  lcd_fonts.o(.data)
    CH_Font24                                0x2000014c   Data          12  lcd_fonts.o(.data)
    CH_Font32                                0x20000158   Data          12  lcd_fonts.o(.data)
    ASCII_Font32                             0x20000164   Data          12  lcd_fonts.o(.data)
    ASCII_Font24                             0x20000170   Data          12  lcd_fonts.o(.data)
    ASCII_Font20                             0x2000017c   Data          12  lcd_fonts.o(.data)
    ASCII_Font16                             0x20000188   Data          12  lcd_fonts.o(.data)
    ASCII_Font12                             0x20000194   Data          12  lcd_fonts.o(.data)
    mode                                     0x200001a8   Data           1  main.o(.data)
    flag_stop                                0x200001a9   Data           1  main.o(.data)
    two_flag                                 0x200001aa   Data           1  main.o(.data)
    three_flag                               0x200001ab   Data           1  main.o(.data)
    four_flag                                0x200001ac   Data           1  main.o(.data)
    num_3                                    0x200001ad   Data           1  main.o(.data)
    num_2                                    0x200001ae   Data           1  main.o(.data)
    num_4                                    0x200001af   Data           1  main.o(.data)
    pwm1                                     0x200001b0   Data           4  main.o(.data)
    pwm2                                     0x200001b4   Data           4  main.o(.data)
    k1                                       0x200001b8   Data           4  main.o(.data)
    k2                                       0x200001bc   Data           4  main.o(.data)
    k3                                       0x200001c0   Data           4  main.o(.data)
    k4                                       0x200001c4   Data           4  main.o(.data)
    b1                                       0x200001c8   Data           4  main.o(.data)
    b2                                       0x200001cc   Data           4  main.o(.data)
    b3                                       0x200001d0   Data           4  main.o(.data)
    b4                                       0x200001d4   Data           4  main.o(.data)
    openmv                                   0x200001ec   Data          28  usart.o(.bss)
    openmv_2                                 0x20000208   Data          28  usart.o(.bss)
    LCD_Buff                                 0x20000224   Data        2048  lcd_spi_169.o(.bss)
    LCD                                      0x20000a24   Data          16  lcd_spi_169.o(.bss)
    __initial_sp                             0x20000e38   Data           0  startup_stm32f40_41xxx.o(STACK)



==============================================================================

Memory Map of the image

  Image Entry point : 0x08000189

  Load Region LR_IROM1 (Base: 0x08000000, Size: 0x00009ef0, Max: 0x00080000, ABSOLUTE, COMPRESSED[0x00009dc4])

    Execution Region ER_IROM1 (Exec base: 0x08000000, Load base: 0x08000000, Size: 0x00009d04, Max: 0x00080000, ABSOLUTE)

    Exec Addr    Load Addr    Size         Type   Attr      Idx    E Section Name        Object

    0x08000000   0x08000000   0x00000188   Data   RO            3    RESET               startup_stm32f40_41xxx.o
    0x08000188   0x08000188   0x00000000   Code   RO         7022  * .ARM.Collect$$$$00000000  mc_w.l(entry.o)
    0x08000188   0x08000188   0x00000004   Code   RO         7357    .ARM.Collect$$$$00000001  mc_w.l(entry2.o)
    0x0800018c   0x0800018c   0x00000004   Code   RO         7360    .ARM.Collect$$$$00000004  mc_w.l(entry5.o)
    0x08000190   0x08000190   0x00000000   Code   RO         7362    .ARM.Collect$$$$00000008  mc_w.l(entry7b.o)
    0x08000190   0x08000190   0x00000000   Code   RO         7364    .ARM.Collect$$$$0000000A  mc_w.l(entry8b.o)
    0x08000190   0x08000190   0x00000008   Code   RO         7365    .ARM.Collect$$$$0000000B  mc_w.l(entry9a.o)
    0x08000198   0x08000198   0x00000000   Code   RO         7367    .ARM.Collect$$$$0000000D  mc_w.l(entry10a.o)
    0x08000198   0x08000198   0x00000000   Code   RO         7369    .ARM.Collect$$$$0000000F  mc_w.l(entry11a.o)
    0x08000198   0x08000198   0x00000004   Code   RO         7358    .ARM.Collect$$$$00002712  mc_w.l(entry2.o)
    0x0800019c   0x0800019c   0x00000024   Code   RO            4    .text               startup_stm32f40_41xxx.o
    0x080001c0   0x080001c0   0x0000014e   Code   RO         7292    .text               mf_w.l(dadd.o)
    0x0800030e   0x0800030e   0x000000e4   Code   RO         7294    .text               mf_w.l(dmul.o)
    0x080003f2   0x080003f2   0x000000de   Code   RO         7296    .text               mf_w.l(ddiv.o)
    0x080004d0   0x080004d0   0x00000026   Code   RO         7302    .text               mf_w.l(f2d.o)
    0x080004f6   0x080004f6   0x0000002c   Code   RO         7372    .text               mc_w.l(uidiv.o)
    0x08000522   0x08000522   0x00000062   Code   RO         7374    .text               mc_w.l(uldiv.o)
    0x08000584   0x08000584   0x0000001e   Code   RO         7376    .text               mc_w.l(llshl.o)
    0x080005a2   0x080005a2   0x00000020   Code   RO         7378    .text               mc_w.l(llushr.o)
    0x080005c2   0x080005c2   0x00000024   Code   RO         7380    .text               mc_w.l(llsshr.o)
    0x080005e6   0x080005e6   0x00000000   Code   RO         7389    .text               mc_w.l(iusefp.o)
    0x080005e6   0x080005e6   0x000000ba   Code   RO         7392    .text               mf_w.l(depilogue.o)
    0x080006a0   0x080006a0   0x00000030   Code   RO         7396    .text               mf_w.l(dfixul.o)
    0x080006d0   0x080006d0   0x00000030   Code   RO         7398    .text               mf_w.l(cdrcmple.o)
    0x08000700   0x08000700   0x00000024   Code   RO         7400    .text               mc_w.l(init.o)
    0x08000724   0x08000724   0x00000056   Code   RO         7414    .text               mc_w.l(__dczerorl2.o)
    0x0800077a   0x0800077a   0x00000004   Code   RO         1911    i.BusFault_Handler  stm32f4xx_it.o
    0x0800077e   0x0800077e   0x00000002   PAD
    0x08000780   0x08000780   0x00000058   Code   RO         1838    i.Config_Init       main.o
    0x080007d8   0x080007d8   0x00000002   Code   RO         1912    i.DebugMon_Handler  stm32f4xx_it.o
    0x080007da   0x080007da   0x00000002   PAD
    0x080007dc   0x080007dc   0x00000030   Code   RO         1839    i.EXTI15_10_IRQHandler  main.o
    0x0800080c   0x0800080c   0x0000002c   Code   RO         1840    i.EXTI2_IRQHandler  main.o
    0x08000838   0x08000838   0x00000038   Code   RO         1841    i.EXTI4_IRQHandler  main.o
    0x08000870   0x08000870   0x0000000c   Code   RO         3356    i.EXTI_ClearITPendingBit  stm32f4xx_exti.o
    0x0800087c   0x0800087c   0x00000018   Code   RO         3360    i.EXTI_GetITStatus  stm32f4xx_exti.o
    0x08000894   0x08000894   0x00000094   Code   RO         3361    i.EXTI_Init         stm32f4xx_exti.o
    0x08000928   0x08000928   0x00000090   Code   RO         3869    i.GPIO_Init         stm32f4xx_gpio.o
    0x080009b8   0x080009b8   0x00000046   Code   RO         3870    i.GPIO_PinAFConfig  stm32f4xx_gpio.o
    0x080009fe   0x080009fe   0x00000012   Code   RO         3873    i.GPIO_ReadInputDataBit  stm32f4xx_gpio.o
    0x08000a10   0x08000a10   0x00000004   Code   RO         3876    i.GPIO_ResetBits    stm32f4xx_gpio.o
    0x08000a14   0x08000a14   0x00000004   Code   RO         3877    i.GPIO_SetBits      stm32f4xx_gpio.o
    0x08000a18   0x08000a18   0x00000004   Code   RO         1913    i.HardFault_Handler  stm32f4xx_it.o
    0x08000a1c   0x08000a1c   0x000000f4   Code   RO         1032    i.Key_Init          key.o
    0x08000b10   0x08000b10   0x000000c0   Code   RO         1555    i.LCD_Clear         lcd_spi_169.o
    0x08000bd0   0x08000bd0   0x0000002a   Code   RO         1557    i.LCD_Delay         lcd_spi_169.o
    0x08000bfa   0x08000bfa   0x00000002   PAD
    0x08000bfc   0x08000bfc   0x000000e4   Code   RO         1558    i.LCD_DisplayChar   lcd_spi_169.o
    0x08000ce0   0x08000ce0   0x00000068   Code   RO         1560    i.LCD_DisplayDecimals  lcd_spi_169.o
    0x08000d48   0x08000d48   0x0000004c   Code   RO         1561    i.LCD_DisplayNumber  lcd_spi_169.o
    0x08000d94   0x08000d94   0x00000038   Code   RO         1562    i.LCD_DisplayString  lcd_spi_169.o
    0x08000dcc   0x08000dcc   0x000000b0   Code   RO         1574    i.LCD_GPIO_Config   lcd_spi_169.o
    0x08000e7c   0x08000e7c   0x0000005c   Code   RO         1575    i.LCD_SPI_Config    lcd_spi_169.o
    0x08000ed8   0x08000ed8   0x00000080   Code   RO         1576    i.LCD_SetAddress    lcd_spi_169.o
    0x08000f58   0x08000f58   0x0000000c   Code   RO         1577    i.LCD_SetAsciiFont  lcd_spi_169.o
    0x08000f64   0x08000f64   0x00000028   Code   RO         1578    i.LCD_SetBackColor  lcd_spi_169.o
    0x08000f8c   0x08000f8c   0x00000028   Code   RO         1579    i.LCD_SetColor      lcd_spi_169.o
    0x08000fb4   0x08000fb4   0x000000cc   Code   RO         1580    i.LCD_SetDirection  lcd_spi_169.o
    0x08001080   0x08001080   0x0000000c   Code   RO         1582    i.LCD_ShowNumMode   lcd_spi_169.o
    0x0800108c   0x0800108c   0x0000009c   Code   RO         1583    i.LCD_WriteBuff     lcd_spi_169.o
    0x08001128   0x08001128   0x00000054   Code   RO         1584    i.LCD_WriteCommand  lcd_spi_169.o
    0x0800117c   0x0800117c   0x00000030   Code   RO         1585    i.LCD_WriteData_16bit  lcd_spi_169.o
    0x080011ac   0x080011ac   0x0000001c   Code   RO         1586    i.LCD_WriteData_8bit  lcd_spi_169.o
    0x080011c8   0x080011c8   0x00000040   Code   RO         1062    i.LED_Init          led.o
    0x08001208   0x08001208   0x00000004   Code   RO         1914    i.MemManage_Handler  stm32f4xx_it.o
    0x0800120c   0x0800120c   0x00000010   Code   RO         1292    i.MyAbs             pid.o
    0x0800121c   0x0800121c   0x00000002   Code   RO         1915    i.NMI_Handler       stm32f4xx_it.o
    0x0800121e   0x0800121e   0x00000002   PAD
    0x08001220   0x08001220   0x00000078   Code   RO         1994    i.NVIC_Init         misc.o
    0x08001298   0x08001298   0x00000046   Code   RO         1293    i.PWM_OUT_LIMIT     pid.o
    0x080012de   0x080012de   0x00000002   Code   RO         1916    i.PendSV_Handler    stm32f4xx_it.o
    0x080012e0   0x080012e0   0x00000020   Code   RO         4795    i.RCC_AHB1PeriphClockCmd  stm32f4xx_rcc.o
    0x08001300   0x08001300   0x00000020   Code   RO         4804    i.RCC_APB1PeriphClockCmd  stm32f4xx_rcc.o
    0x08001320   0x08001320   0x00000020   Code   RO         4807    i.RCC_APB2PeriphClockCmd  stm32f4xx_rcc.o
    0x08001340   0x08001340   0x000000e8   Code   RO         4816    i.RCC_GetClocksFreq  stm32f4xx_rcc.o
    0x08001428   0x08001428   0x00000018   Code   RO         5953    i.SPI_Cmd           stm32f4xx_spi.o
    0x08001440   0x08001440   0x0000003c   Code   RO         5966    i.SPI_Init          stm32f4xx_spi.o
    0x0800147c   0x0800147c   0x000001dc   Code   RO         1587    i.SPI_LCD_Init      lcd_spi_169.o
    0x08001658   0x08001658   0x00000002   Code   RO         1917    i.SVC_Handler       stm32f4xx_it.o
    0x0800165a   0x0800165a   0x00000002   PAD
    0x0800165c   0x0800165c   0x00000040   Code   RO         6118    i.SYSCFG_EXTILineConfig  stm32f4xx_syscfg.o
    0x0800169c   0x0800169c   0x000000ac   Code   RO         1448    i.Serial1_Init      usart.o
    0x08001748   0x08001748   0x000000ac   Code   RO         1450    i.Serial3_Init      usart.o
    0x080017f4   0x080017f4   0x0000001e   Code   RO         1452    i.Serial_SendByte   usart.o
    0x08001812   0x08001812   0x00000002   PAD
    0x08001814   0x08001814   0x000000c4   Code   RO         1294    i.Servo_Fx_PID      pid.o
    0x080018d8   0x080018d8   0x000000c4   Code   RO         1295    i.Servo_Fy_PID      pid.o
    0x0800199c   0x0800199c   0x000000d8   Code   RO         1842    i.Servo_PID_cal     main.o
    0x08001a74   0x08001a74   0x000000ec   Code   RO         1775    i.SetSysClock       system_stm32f4xx.o
    0x08001b60   0x08001b60   0x00000028   Code   RO         1998    i.SysTick_CLKSourceConfig  misc.o
    0x08001b88   0x08001b88   0x00000008   Code   RO         1918    i.SysTick_Handler   stm32f4xx_it.o
    0x08001b90   0x08001b90   0x00000068   Code   RO         1777    i.SystemInit        system_stm32f4xx.o
    0x08001bf8   0x08001bf8   0x000000d4   Code   RO         1363    i.TIM12_PWM_Init    pwm.o
    0x08001ccc   0x08001ccc   0x00000016   Code   RO          398    i.TIM2_IRQHandler   encoder.o
    0x08001ce2   0x08001ce2   0x00000002   PAD
    0x08001ce4   0x08001ce4   0x0000001c   Code   RO          400    i.TIM3_IRQHandler   encoder.o
    0x08001d00   0x08001d00   0x00000310   Code   RO         1843    i.TIM4_IRQHandler   main.o
    0x08002010   0x08002010   0x000000d4   Code   RO         1364    i.TIM9_PWM_Init     pwm.o
    0x080020e4   0x080020e4   0x00000018   Code   RO         6179    i.TIM_ARRPreloadConfig  stm32f4xx_tim.o
    0x080020fc   0x080020fc   0x00000006   Code   RO         6186    i.TIM_ClearITPendingBit  stm32f4xx_tim.o
    0x08002102   0x08002102   0x00000018   Code   RO         6191    i.TIM_Cmd           stm32f4xx_tim.o
    0x0800211a   0x0800211a   0x00000002   PAD
    0x0800211c   0x0800211c   0x00000060   Code   RO         1415    i.TIM_EXTI_Init     tim_exti.o
    0x0800217c   0x0800217c   0x00000022   Code   RO         6212    i.TIM_GetITStatus   stm32f4xx_tim.o
    0x0800219e   0x0800219e   0x00000012   Code   RO         6216    i.TIM_ITConfig      stm32f4xx_tim.o
    0x080021b0   0x080021b0   0x0000000c   Code   RO         6218    i.TIM_InternalClockConfig  stm32f4xx_tim.o
    0x080021bc   0x080021bc   0x0000007c   Code   RO         6220    i.TIM_OC1Init       stm32f4xx_tim.o
    0x08002238   0x08002238   0x00000012   Code   RO         6223    i.TIM_OC1PreloadConfig  stm32f4xx_tim.o
    0x0800224a   0x0800224a   0x00000002   PAD
    0x0800224c   0x0800224c   0x000000a4   Code   RO         6225    i.TIM_OC2Init       stm32f4xx_tim.o
    0x080022f0   0x080022f0   0x0000001a   Code   RO         6228    i.TIM_OC2PreloadConfig  stm32f4xx_tim.o
    0x0800230a   0x0800230a   0x00000014   Code   RO         6238    i.TIM_OCStructInit  stm32f4xx_tim.o
    0x0800231e   0x0800231e   0x00000002   PAD
    0x08002320   0x08002320   0x00000084   Code   RO         6263    i.TIM_TimeBaseInit  stm32f4xx_tim.o
    0x080023a4   0x080023a4   0x00000018   Code   RO         1919    i.TimingDelay_Decrement  stm32f4xx_it.o
    0x080023bc   0x080023bc   0x00000050   Code   RO         1453    i.USART1_IRQHandler  usart.o
    0x0800240c   0x0800240c   0x00000158   Code   RO         1454    i.USART2_IRQHandler  usart.o
    0x08002564   0x08002564   0x000001dc   Code   RO         1455    i.USART3_IRQHandler  usart.o
    0x08002740   0x08002740   0x0000001e   Code   RO         6742    i.USART_ClearITPendingBit  stm32f4xx_usart.o
    0x0800275e   0x0800275e   0x00000018   Code   RO         6745    i.USART_Cmd         stm32f4xx_usart.o
    0x08002776   0x08002776   0x0000001a   Code   RO         6748    i.USART_GetFlagStatus  stm32f4xx_usart.o
    0x08002790   0x08002790   0x00000054   Code   RO         6749    i.USART_GetITStatus  stm32f4xx_usart.o
    0x080027e4   0x080027e4   0x0000004a   Code   RO         6751    i.USART_ITConfig    stm32f4xx_usart.o
    0x0800282e   0x0800282e   0x00000002   PAD
    0x08002830   0x08002830   0x000000d4   Code   RO         6752    i.USART_Init        stm32f4xx_usart.o
    0x08002904   0x08002904   0x0000000a   Code   RO         6759    i.USART_ReceiveData  stm32f4xx_usart.o
    0x0800290e   0x0800290e   0x00000008   Code   RO         6762    i.USART_SendData    stm32f4xx_usart.o
    0x08002916   0x08002916   0x00000004   Code   RO         1920    i.UsageFault_Handler  stm32f4xx_it.o
    0x0800291a   0x0800291a   0x00000002   PAD
    0x0800291c   0x0800291c   0x00000028   Code   RO         7266    i.__0sprintf        mc_w.l(printfa.o)
    0x08002944   0x08002944   0x0000000e   Code   RO         7408    i.__scatterload_copy  mc_w.l(handlers.o)
    0x08002952   0x08002952   0x00000002   Code   RO         7409    i.__scatterload_null  mc_w.l(handlers.o)
    0x08002954   0x08002954   0x0000000e   Code   RO         7410    i.__scatterload_zeroinit  mc_w.l(handlers.o)
    0x08002962   0x08002962   0x00000002   PAD
    0x08002964   0x08002964   0x00000184   Code   RO         7271    i._fp_digits        mc_w.l(printfa.o)
    0x08002ae8   0x08002ae8   0x000006dc   Code   RO         7272    i._printf_core      mc_w.l(printfa.o)
    0x080031c4   0x080031c4   0x00000024   Code   RO         7273    i._printf_post_padding  mc_w.l(printfa.o)
    0x080031e8   0x080031e8   0x0000002e   Code   RO         7274    i._printf_pre_padding  mc_w.l(printfa.o)
    0x08003216   0x08003216   0x0000000a   Code   RO         7276    i._sputc            mc_w.l(printfa.o)
    0x08003220   0x08003220   0x00000080   Code   RO         1844    i.chazhi_xunji      main.o
    0x080032a0   0x080032a0   0x0000003c   Code   RO          352    i.delay_init        delay.o
    0x080032dc   0x080032dc   0x00000084   Code   RO          229    i.load              control.o
    0x08003360   0x08003360   0x00000160   Code   RO         1845    i.main              main.o
    0x080034c0   0x080034c0   0x00006824   Data   RO         1527    .constdata          lcd_fonts.o
    0x08009ce4   0x08009ce4   0x00000020   Data   RO         7406    Region$$Table       anon$$obj.o


    Execution Region RW_IRAM1 (Exec base: 0x20000000, Load base: 0x08009d04, Size: 0x00000e38, Max: 0x00020000, ABSOLUTE, COMPRESSED[0x000000c0])

    Exec Addr    Load Addr    Size         Type   Attr      Idx    E Section Name        Object

    0x20000000   COMPRESSED   0x0000006c   Data   RW          231    .data               control.o
    0x2000006c   COMPRESSED   0x00000004   Data   RW          356    .data               delay.o
    0x20000070   COMPRESSED   0x000000b0   Data   RW         1299    .data               pid.o
    0x20000120   COMPRESSED   0x00000005   Data   RW         1458    .data               usart.o
    0x20000125   COMPRESSED   0x00000003   PAD
    0x20000128   COMPRESSED   0x00000078   Data   RW         1528    .data               lcd_fonts.o
    0x200001a0   COMPRESSED   0x00000008   Data   RW         1589    .data               lcd_spi_169.o
    0x200001a8   COMPRESSED   0x00000030   Data   RW         1846    .data               main.o
    0x200001d8   COMPRESSED   0x00000004   Data   RW         1921    .data               stm32f4xx_it.o
    0x200001dc   COMPRESSED   0x00000010   Data   RW         4848    .data               stm32f4xx_rcc.o
    0x200001ec        -       0x00000038   Zero   RW         1457    .bss                usart.o
    0x20000224        -       0x00000810   Zero   RW         1588    .bss                lcd_spi_169.o
    0x20000a34   COMPRESSED   0x00000004   PAD
    0x20000a38        -       0x00000400   Zero   RW            1    STACK               startup_stm32f40_41xxx.o


==============================================================================

Image component sizes


      Code (inc. data)   RO Data    RW Data    ZI Data      Debug   Object Name

         0          0          0          0          0       1444   adc.o
         0          0          0          0          0     300016   beep.o
       132          8          0        108          0       2677   control.o
        60          8          0          4          0        709   delay.o
        50          6          0          0          0        972   encoder.o
       244          4          0          0          0        735   key.o
         0          0      26660        120          0       1871   lcd_fonts.o
      2194        186          0          8       2064      12898   lcd_spi_169.o
        64          6          0          0          0        507   led.o
      1716        194          0         48          0       5030   main.o
       160         14          0          0          0       1466   misc.o
       478         64          0        176          0       4931   pid.o
       424         18          0          0          0       1581   pwm.o
        36          8        392          0       1024        844   startup_stm32f40_41xxx.o
       184         16          0          0          0       1992   stm32f4xx_exti.o
       240          0          0          0          0       3367   stm32f4xx_gpio.o
        56          6          0          4          0       4702   stm32f4xx_it.o
       328         36          0         16          0       4511   stm32f4xx_rcc.o
        84          0          0          0          0       1657   stm32f4xx_spi.o
        64          4          0          0          0        628   stm32f4xx_syscfg.o
       602         48          0          0          0       7696   stm32f4xx_tim.o
       468          8          0          0          0       5907   stm32f4xx_usart.o
       340         32          0          0          0       1405   system_stm32f4xx.o
        96          4          0          0          0        588   tim_exti.o
      1274        108          0          5         56       4858   usart.o

    ----------------------------------------------------------------------
      9318        778      27084        492       3148     372992   Object Totals
         0          0         32          0          0          0   (incl. Generated)
        24          0          0          3          4          0   (incl. Padding)

    ----------------------------------------------------------------------

      Code (inc. data)   RO Data    RW Data    ZI Data      Debug   Library Member Name

        86          0          0          0          0          0   __dczerorl2.o
         0          0          0          0          0          0   entry.o
         0          0          0          0          0          0   entry10a.o
         0          0          0          0          0          0   entry11a.o
         8          4          0          0          0          0   entry2.o
         4          0          0          0          0          0   entry5.o
         0          0          0          0          0          0   entry7b.o
         0          0          0          0          0          0   entry8b.o
         8          4          0          0          0          0   entry9a.o
        30          0          0          0          0          0   handlers.o
        36          8          0          0          0         68   init.o
         0          0          0          0          0          0   iusefp.o
        30          0          0          0          0         68   llshl.o
        36          0          0          0          0         68   llsshr.o
        32          0          0          0          0         68   llushr.o
      2276         86          0          0          0        520   printfa.o
        44          0          0          0          0         80   uidiv.o
        98          0          0          0          0         92   uldiv.o
        48          0          0          0          0         68   cdrcmple.o
       334          0          0          0          0        148   dadd.o
       222          0          0          0          0        100   ddiv.o
       186          0          0          0          0        176   depilogue.o
        48          0          0          0          0         68   dfixul.o
       228          0          0          0          0         96   dmul.o
        38          0          0          0          0         68   f2d.o

    ----------------------------------------------------------------------
      3794        102          0          0          0       1688   Library Totals
         2          0          0          0          0          0   (incl. Padding)

    ----------------------------------------------------------------------

      Code (inc. data)   RO Data    RW Data    ZI Data      Debug   Library Name

      2688        102          0          0          0        964   mc_w.l
      1104          0          0          0          0        724   mf_w.l

    ----------------------------------------------------------------------
      3794        102          0          0          0       1688   Library Totals

    ----------------------------------------------------------------------

==============================================================================


      Code (inc. data)   RO Data    RW Data    ZI Data      Debug   

     13112        880      27084        492       3148     365332   Grand Totals
     13112        880      27084        192       3148     365332   ELF Image Totals (compressed)
     13112        880      27084        192          0          0   ROM Totals

==============================================================================

    Total RO  Size (Code + RO Data)                40196 (  39.25kB)
    Total RW  Size (RW Data + ZI Data)              3640 (   3.55kB)
    Total ROM Size (Code + RO Data + RW Data)      40388 (  39.44kB)

==============================================================================

